// Jest Snapshot v1, https://goo.gl/fbAQLP

exports[`genChangelog basic 1`] = `
"{\\"commits\\":[{\\"commitDate\\":\\"Mar 27 2021\\",\\"commitHash\\":\\"b8b8d06\\",\\"changes\\":[{\\"action\\":\\"Added\\",\\"fname\\":\\"vault1/bar.md\\",\\"diff\\":\\"<div class=/\\"d2h-file-list-wrapper/\\">/n    <div class=/\\"d2h-file-list-header/\\">/n        <span class=/\\"d2h-file-list-title/\\">Files changed (1)</span>/n        <a class=/\\"d2h-file-switch d2h-hide/\\">hide</a>/n        <a class=/\\"d2h-file-switch d2h-show/\\">show</a>/n    </div>/n    <ol class=/\\"d2h-file-list/\\">/n    <li class=/\\"d2h-file-list-line/\\">/n    <span class=/\\"d2h-file-name-wrapper/\\">/n      <svg aria-hidden=/\\"true/\\" class=/\\"d2h-icon d2h-added/\\" height=/\\"16/\\" title=/\\"added/\\" version=/\\"1.1/\\" viewBox=/\\"0 0 14 16/\\"/n           width=/\\"14/\\">/n          <path d=/\\"M13 1H1C0.45 1 0 1.45 0 2v12c0 0.55 0.45 1 1 1h12c0.55 0 1-0.45 1-1V2c0-0.55-0.45-1-1-1z m0 13H1V2h12v12zM6 9H3V7h3V4h2v3h3v2H8v3H6V9z/\\"></path>/n      </svg>      <a href=/\\"#d2h-494370/\\" class=/\\"d2h-file-name/\\">vault1/bar.md</a>/n      <span class=/\\"d2h-file-stats/\\">/n          <span class=/\\"d2h-lines-added/\\">+8</span>/n          <span class=/\\"d2h-lines-deleted/\\">-0</span>/n      </span>/n    </span>/n</li>/n    </ol>/n</div><div class=/\\"d2h-wrapper/\\">/n    <div id=/\\"d2h-494370/\\" class=/\\"d2h-file-wrapper/\\" data-lang=/\\"md/\\">/n    <div class=/\\"d2h-file-header/\\">/n    <span class=/\\"d2h-file-name-wrapper/\\">/n    <svg aria-hidden=/\\"true/\\" class=/\\"d2h-icon/\\" height=/\\"16/\\" version=/\\"1.1/\\" viewBox=/\\"0 0 12 16/\\" width=/\\"12/\\">/n        <path d=/\\"M6 5H2v-1h4v1zM2 8h7v-1H2v1z m0 2h7v-1H2v1z m0 2h7v-1H2v1z m10-7.5v9.5c0 0.55-0.45 1-1 1H1c-0.55 0-1-0.45-1-1V2c0-0.55 0.45-1 1-1h7.5l3.5 3.5z m-1 0.5L8 2H1v12h10V5z/\\"></path>/n    </svg>    <span class=/\\"d2h-file-name/\\">vault1/bar.md</span>/n    <span class=/\\"d2h-tag d2h-added d2h-added-tag/\\">ADDED</span></span>/n<label class=/\\"d2h-file-collapse/\\">/n    <input class=/\\"d2h-file-collapse-input/\\" type=/\\"checkbox/\\" name=/\\"viewed/\\" value=/\\"viewed/\\">/n    Viewed/n</label>/n    </div>/n    <div class=/\\"d2h-file-diff/\\">/n        <div class=/\\"d2h-code-wrapper/\\">/n            <table class=/\\"d2h-diff-table/\\">/n                <tbody class=/\\"d2h-diff-tbody/\\">/n                <tr>/n    <td class=/\\"d2h-code-linenumber d2h-info/\\"></td>/n    <td class=/\\"d2h-info/\\">/n        <div class=/\\"d2h-code-line d2h-info/\\">@@ -0,0 +1,8 @@</div>/n    </td>/n</tr><tr>/n    <td class=/\\"d2h-code-linenumber d2h-ins/\\">/n      <div class=/\\"line-num1/\\"></div>/n<div class=/\\"line-num2/\\">1</div>/n    </td>/n    <td class=/\\"d2h-ins/\\">/n        <div class=/\\"d2h-code-line d2h-ins/\\">/n            <span class=/\\"d2h-code-line-prefix/\\">+</span>/n            <span class=/\\"d2h-code-line-ctn/\\">---</span>/n        </div>/n    </td>/n</tr><tr>/n    <td class=/\\"d2h-code-linenumber d2h-ins/\\">/n      <div class=/\\"line-num1/\\"></div>/n<div class=/\\"line-num2/\\">2</div>/n    </td>/n    <td class=/\\"d2h-ins/\\">/n        <div class=/\\"d2h-code-line d2h-ins/\\">/n            <span class=/\\"d2h-code-line-prefix/\\">+</span>/n            <span class=/\\"d2h-code-line-ctn/\\">id: bar</span>/n        </div>/n    </td>/n</tr><tr>/n    <td class=/\\"d2h-code-linenumber d2h-ins/\\">/n      <div class=/\\"line-num1/\\"></div>/n<div class=/\\"line-num2/\\">3</div>/n    </td>/n    <td class=/\\"d2h-ins/\\">/n        <div class=/\\"d2h-code-line d2h-ins/\\">/n            <span class=/\\"d2h-code-line-prefix/\\">+</span>/n            <span class=/\\"d2h-code-line-ctn/\\">title: Bar</span>/n        </div>/n    </td>/n</tr><tr>/n    <td class=/\\"d2h-code-linenumber d2h-ins/\\">/n      <div class=/\\"line-num1/\\"></div>/n<div class=/\\"line-num2/\\">4</div>/n    </td>/n    <td class=/\\"d2h-ins/\\">/n        <div class=/\\"d2h-code-line d2h-ins/\\">/n            <span class=/\\"d2h-code-line-prefix/\\">+</span>/n            <span class=/\\"d2h-code-line-ctn/\\">desc: &#x27;&#x27;</span>/n        </div>/n    </td>/n</tr><tr>/n    <td class=/\\"d2h-code-linenumber d2h-ins/\\">/n      <div class=/\\"line-num1/\\"></div>/n<div class=/\\"line-num2/\\">5</div>/n    </td>/n    <td class=/\\"d2h-ins/\\">/n        <div class=/\\"d2h-code-line d2h-ins/\\">/n            <span class=/\\"d2h-code-line-prefix/\\">+</span>/n            <span class=/\\"d2h-code-line-ctn/\\">updated: 1</span>/n        </div>/n    </td>/n</tr><tr>/n    <td class=/\\"d2h-code-linenumber d2h-ins/\\">/n      <div class=/\\"line-num1/\\"></div>/n<div class=/\\"line-num2/\\">6</div>/n    </td>/n    <td class=/\\"d2h-ins/\\">/n        <div class=/\\"d2h-code-line d2h-ins/\\">/n            <span class=/\\"d2h-code-line-prefix/\\">+</span>/n            <span class=/\\"d2h-code-line-ctn/\\">created: 1</span>/n        </div>/n    </td>/n</tr><tr>/n    <td class=/\\"d2h-code-linenumber d2h-ins/\\">/n      <div class=/\\"line-num1/\\"></div>/n<div class=/\\"line-num2/\\">7</div>/n    </td>/n    <td class=/\\"d2h-ins/\\">/n        <div class=/\\"d2h-code-line d2h-ins/\\">/n            <span class=/\\"d2h-code-line-prefix/\\">+</span>/n            <span class=/\\"d2h-code-line-ctn/\\">---</span>/n        </div>/n    </td>/n</tr><tr>/n    <td class=/\\"d2h-code-linenumber d2h-ins/\\">/n      <div class=/\\"line-num1/\\"></div>/n<div class=/\\"line-num2/\\">8</div>/n    </td>/n    <td class=/\\"d2h-ins/\\">/n        <div class=/\\"d2h-code-line d2h-ins/\\">/n            <span class=/\\"d2h-code-line-prefix/\\">+</span>/n            <span class=/\\"d2h-code-line-ctn/\\">bar body</span>/n        </div>/n    </td>/n</tr>/n                </tbody>/n            </table>/n        </div>/n    </div>/n</div>/n</div>\\"},{\\"action\\":\\"Added\\",\\"fname\\":\\"vault1/foo.ch1.md\\",\\"diff\\":\\"<div class=/\\"d2h-file-list-wrapper/\\">/n    <div class=/\\"d2h-file-list-header/\\">/n        <span class=/\\"d2h-file-list-title/\\">Files changed (1)</span>/n        <a class=/\\"d2h-file-switch d2h-hide/\\">hide</a>/n        <a class=/\\"d2h-file-switch d2h-show/\\">show</a>/n    </div>/n    <ol class=/\\"d2h-file-list/\\">/n    <li class=/\\"d2h-file-list-line/\\">/n    <span class=/\\"d2h-file-name-wrapper/\\">/n      <svg aria-hidden=/\\"true/\\" class=/\\"d2h-icon d2h-added/\\" height=/\\"16/\\" title=/\\"added/\\" version=/\\"1.1/\\" viewBox=/\\"0 0 14 16/\\"/n           width=/\\"14/\\">/n          <path d=/\\"M13 1H1C0.45 1 0 1.45 0 2v12c0 0.55 0.45 1 1 1h12c0.55 0 1-0.45 1-1V2c0-0.55-0.45-1-1-1z m0 13H1V2h12v12zM6 9H3V7h3V4h2v3h3v2H8v3H6V9z/\\"></path>/n      </svg>      <a href=/\\"#d2h-270511/\\" class=/\\"d2h-file-name/\\">vault1/foo.ch1.md</a>/n      <span class=/\\"d2h-file-stats/\\">/n          <span class=/\\"d2h-lines-added/\\">+8</span>/n          <span class=/\\"d2h-lines-deleted/\\">-0</span>/n      </span>/n    </span>/n</li>/n    </ol>/n</div><div class=/\\"d2h-wrapper/\\">/n    <div id=/\\"d2h-270511/\\" class=/\\"d2h-file-wrapper/\\" data-lang=/\\"md/\\">/n    <div class=/\\"d2h-file-header/\\">/n    <span class=/\\"d2h-file-name-wrapper/\\">/n    <svg aria-hidden=/\\"true/\\" class=/\\"d2h-icon/\\" height=/\\"16/\\" version=/\\"1.1/\\" viewBox=/\\"0 0 12 16/\\" width=/\\"12/\\">/n        <path d=/\\"M6 5H2v-1h4v1zM2 8h7v-1H2v1z m0 2h7v-1H2v1z m0 2h7v-1H2v1z m10-7.5v9.5c0 0.55-0.45 1-1 1H1c-0.55 0-1-0.45-1-1V2c0-0.55 0.45-1 1-1h7.5l3.5 3.5z m-1 0.5L8 2H1v12h10V5z/\\"></path>/n    </svg>    <span class=/\\"d2h-file-name/\\">vault1/foo.ch1.md</span>/n    <span class=/\\"d2h-tag d2h-added d2h-added-tag/\\">ADDED</span></span>/n<label class=/\\"d2h-file-collapse/\\">/n    <input class=/\\"d2h-file-collapse-input/\\" type=/\\"checkbox/\\" name=/\\"viewed/\\" value=/\\"viewed/\\">/n    Viewed/n</label>/n    </div>/n    <div class=/\\"d2h-file-diff/\\">/n        <div class=/\\"d2h-code-wrapper/\\">/n            <table class=/\\"d2h-diff-table/\\">/n                <tbody class=/\\"d2h-diff-tbody/\\">/n                <tr>/n    <td class=/\\"d2h-code-linenumber d2h-info/\\"></td>/n    <td class=/\\"d2h-info/\\">/n        <div class=/\\"d2h-code-line d2h-info/\\">@@ -0,0 +1,8 @@</div>/n    </td>/n</tr><tr>/n    <td class=/\\"d2h-code-linenumber d2h-ins/\\">/n      <div class=/\\"line-num1/\\"></div>/n<div class=/\\"line-num2/\\">1</div>/n    </td>/n    <td class=/\\"d2h-ins/\\">/n        <div class=/\\"d2h-code-line d2h-ins/\\">/n            <span class=/\\"d2h-code-line-prefix/\\">+</span>/n            <span class=/\\"d2h-code-line-ctn/\\">---</span>/n        </div>/n    </td>/n</tr><tr>/n    <td class=/\\"d2h-code-linenumber d2h-ins/\\">/n      <div class=/\\"line-num1/\\"></div>/n<div class=/\\"line-num2/\\">2</div>/n    </td>/n    <td class=/\\"d2h-ins/\\">/n        <div class=/\\"d2h-code-line d2h-ins/\\">/n            <span class=/\\"d2h-code-line-prefix/\\">+</span>/n            <span class=/\\"d2h-code-line-ctn/\\">id: foo.ch1</span>/n        </div>/n    </td>/n</tr><tr>/n    <td class=/\\"d2h-code-linenumber d2h-ins/\\">/n      <div class=/\\"line-num1/\\"></div>/n<div class=/\\"line-num2/\\">3</div>/n    </td>/n    <td class=/\\"d2h-ins/\\">/n        <div class=/\\"d2h-code-line d2h-ins/\\">/n            <span class=/\\"d2h-code-line-prefix/\\">+</span>/n            <span class=/\\"d2h-code-line-ctn/\\">title: Ch1</span>/n        </div>/n    </td>/n</tr><tr>/n    <td class=/\\"d2h-code-linenumber d2h-ins/\\">/n      <div class=/\\"line-num1/\\"></div>/n<div class=/\\"line-num2/\\">4</div>/n    </td>/n    <td class=/\\"d2h-ins/\\">/n        <div class=/\\"d2h-code-line d2h-ins/\\">/n            <span class=/\\"d2h-code-line-prefix/\\">+</span>/n            <span class=/\\"d2h-code-line-ctn/\\">desc: &#x27;&#x27;</span>/n        </div>/n    </td>/n</tr><tr>/n    <td class=/\\"d2h-code-linenumber d2h-ins/\\">/n      <div class=/\\"line-num1/\\"></div>/n<div class=/\\"line-num2/\\">5</div>/n    </td>/n    <td class=/\\"d2h-ins/\\">/n        <div class=/\\"d2h-code-line d2h-ins/\\">/n            <span class=/\\"d2h-code-line-prefix/\\">+</span>/n            <span class=/\\"d2h-code-line-ctn/\\">updated: 1</span>/n        </div>/n    </td>/n</tr><tr>/n    <td class=/\\"d2h-code-linenumber d2h-ins/\\">/n      <div class=/\\"line-num1/\\"></div>/n<div class=/\\"line-num2/\\">6</div>/n    </td>/n    <td class=/\\"d2h-ins/\\">/n        <div class=/\\"d2h-code-line d2h-ins/\\">/n            <span class=/\\"d2h-code-line-prefix/\\">+</span>/n            <span class=/\\"d2h-code-line-ctn/\\">created: 1</span>/n        </div>/n    </td>/n</tr><tr>/n    <td class=/\\"d2h-code-linenumber d2h-ins/\\">/n      <div class=/\\"line-num1/\\"></div>/n<div class=/\\"line-num2/\\">7</div>/n    </td>/n    <td class=/\\"d2h-ins/\\">/n        <div class=/\\"d2h-code-line d2h-ins/\\">/n            <span class=/\\"d2h-code-line-prefix/\\">+</span>/n            <span class=/\\"d2h-code-line-ctn/\\">---</span>/n        </div>/n    </td>/n</tr><tr>/n    <td class=/\\"d2h-code-linenumber d2h-ins/\\">/n      <div class=/\\"line-num1/\\"></div>/n<div class=/\\"line-num2/\\">8</div>/n    </td>/n    <td class=/\\"d2h-ins/\\">/n        <div class=/\\"d2h-code-line d2h-ins/\\">/n            <span class=/\\"d2h-code-line-prefix/\\">+</span>/n            <span class=/\\"d2h-code-line-ctn/\\">foo.ch1 body</span>/n        </div>/n    </td>/n</tr>/n                </tbody>/n            </table>/n        </div>/n    </div>/n</div>/n</div>\\"},{\\"action\\":\\"Added\\",\\"fname\\":\\"vault1/foo.md\\",\\"diff\\":\\"<div class=/\\"d2h-file-list-wrapper/\\">/n    <div class=/\\"d2h-file-list-header/\\">/n        <span class=/\\"d2h-file-list-title/\\">Files changed (1)</span>/n        <a class=/\\"d2h-file-switch d2h-hide/\\">hide</a>/n        <a class=/\\"d2h-file-switch d2h-show/\\">show</a>/n    </div>/n    <ol class=/\\"d2h-file-list/\\">/n    <li class=/\\"d2h-file-list-line/\\">/n    <span class=/\\"d2h-file-name-wrapper/\\">/n      <svg aria-hidden=/\\"true/\\" class=/\\"d2h-icon d2h-added/\\" height=/\\"16/\\" title=/\\"added/\\" version=/\\"1.1/\\" viewBox=/\\"0 0 14 16/\\"/n           width=/\\"14/\\">/n          <path d=/\\"M13 1H1C0.45 1 0 1.45 0 2v12c0 0.55 0.45 1 1 1h12c0.55 0 1-0.45 1-1V2c0-0.55-0.45-1-1-1z m0 13H1V2h12v12zM6 9H3V7h3V4h2v3h3v2H8v3H6V9z/\\"></path>/n      </svg>      <a href=/\\"#d2h-850895/\\" class=/\\"d2h-file-name/\\">vault1/foo.md</a>/n      <span class=/\\"d2h-file-stats/\\">/n          <span class=/\\"d2h-lines-added/\\">+8</span>/n          <span class=/\\"d2h-lines-deleted/\\">-0</span>/n      </span>/n    </span>/n</li>/n    </ol>/n</div><div class=/\\"d2h-wrapper/\\">/n    <div id=/\\"d2h-850895/\\" class=/\\"d2h-file-wrapper/\\" data-lang=/\\"md/\\">/n    <div class=/\\"d2h-file-header/\\">/n    <span class=/\\"d2h-file-name-wrapper/\\">/n    <svg aria-hidden=/\\"true/\\" class=/\\"d2h-icon/\\" height=/\\"16/\\" version=/\\"1.1/\\" viewBox=/\\"0 0 12 16/\\" width=/\\"12/\\">/n        <path d=/\\"M6 5H2v-1h4v1zM2 8h7v-1H2v1z m0 2h7v-1H2v1z m0 2h7v-1H2v1z m10-7.5v9.5c0 0.55-0.45 1-1 1H1c-0.55 0-1-0.45-1-1V2c0-0.55 0.45-1 1-1h7.5l3.5 3.5z m-1 0.5L8 2H1v12h10V5z/\\"></path>/n    </svg>    <span class=/\\"d2h-file-name/\\">vault1/foo.md</span>/n    <span class=/\\"d2h-tag d2h-added d2h-added-tag/\\">ADDED</span></span>/n<label class=/\\"d2h-file-collapse/\\">/n    <input class=/\\"d2h-file-collapse-input/\\" type=/\\"checkbox/\\" name=/\\"viewed/\\" value=/\\"viewed/\\">/n    Viewed/n</label>/n    </div>/n    <div class=/\\"d2h-file-diff/\\">/n        <div class=/\\"d2h-code-wrapper/\\">/n            <table class=/\\"d2h-diff-table/\\">/n                <tbody class=/\\"d2h-diff-tbody/\\">/n                <tr>/n    <td class=/\\"d2h-code-linenumber d2h-info/\\"></td>/n    <td class=/\\"d2h-info/\\">/n        <div class=/\\"d2h-code-line d2h-info/\\">@@ -0,0 +1,8 @@</div>/n    </td>/n</tr><tr>/n    <td class=/\\"d2h-code-linenumber d2h-ins/\\">/n      <div class=/\\"line-num1/\\"></div>/n<div class=/\\"line-num2/\\">1</div>/n    </td>/n    <td class=/\\"d2h-ins/\\">/n        <div class=/\\"d2h-code-line d2h-ins/\\">/n            <span class=/\\"d2h-code-line-prefix/\\">+</span>/n            <span class=/\\"d2h-code-line-ctn/\\">---</span>/n        </div>/n    </td>/n</tr><tr>/n    <td class=/\\"d2h-code-linenumber d2h-ins/\\">/n      <div class=/\\"line-num1/\\"></div>/n<div class=/\\"line-num2/\\">2</div>/n    </td>/n    <td class=/\\"d2h-ins/\\">/n        <div class=/\\"d2h-code-line d2h-ins/\\">/n            <span class=/\\"d2h-code-line-prefix/\\">+</span>/n            <span class=/\\"d2h-code-line-ctn/\\">id: foo</span>/n        </div>/n    </td>/n</tr><tr>/n    <td class=/\\"d2h-code-linenumber d2h-ins/\\">/n      <div class=/\\"line-num1/\\"></div>/n<div class=/\\"line-num2/\\">3</div>/n    </td>/n    <td class=/\\"d2h-ins/\\">/n        <div class=/\\"d2h-code-line d2h-ins/\\">/n            <span class=/\\"d2h-code-line-prefix/\\">+</span>/n            <span class=/\\"d2h-code-line-ctn/\\">title: Foo</span>/n        </div>/n    </td>/n</tr><tr>/n    <td class=/\\"d2h-code-linenumber d2h-ins/\\">/n      <div class=/\\"line-num1/\\"></div>/n<div class=/\\"line-num2/\\">4</div>/n    </td>/n    <td class=/\\"d2h-ins/\\">/n        <div class=/\\"d2h-code-line d2h-ins/\\">/n            <span class=/\\"d2h-code-line-prefix/\\">+</span>/n            <span class=/\\"d2h-code-line-ctn/\\">desc: &#x27;&#x27;</span>/n        </div>/n    </td>/n</tr><tr>/n    <td class=/\\"d2h-code-linenumber d2h-ins/\\">/n      <div class=/\\"line-num1/\\"></div>/n<div class=/\\"line-num2/\\">5</div>/n    </td>/n    <td class=/\\"d2h-ins/\\">/n        <div class=/\\"d2h-code-line d2h-ins/\\">/n            <span class=/\\"d2h-code-line-prefix/\\">+</span>/n            <span class=/\\"d2h-code-line-ctn/\\">updated: 1</span>/n        </div>/n    </td>/n</tr><tr>/n    <td class=/\\"d2h-code-linenumber d2h-ins/\\">/n      <div class=/\\"line-num1/\\"></div>/n<div class=/\\"line-num2/\\">6</div>/n    </td>/n    <td class=/\\"d2h-ins/\\">/n        <div class=/\\"d2h-code-line d2h-ins/\\">/n            <span class=/\\"d2h-code-line-prefix/\\">+</span>/n            <span class=/\\"d2h-code-line-ctn/\\">created: 1</span>/n        </div>/n    </td>/n</tr><tr>/n    <td class=/\\"d2h-code-linenumber d2h-ins/\\">/n      <div class=/\\"line-num1/\\"></div>/n<div class=/\\"line-num2/\\">7</div>/n    </td>/n    <td class=/\\"d2h-ins/\\">/n        <div class=/\\"d2h-code-line d2h-ins/\\">/n            <span class=/\\"d2h-code-line-prefix/\\">+</span>/n            <span class=/\\"d2h-code-line-ctn/\\">---</span>/n        </div>/n    </td>/n</tr><tr>/n    <td class=/\\"d2h-code-linenumber d2h-ins/\\">/n      <div class=/\\"line-num1/\\"></div>/n<div class=/\\"line-num2/\\">8</div>/n    </td>/n    <td class=/\\"d2h-ins/\\">/n        <div class=/\\"d2h-code-line d2h-ins/\\">/n            <span class=/\\"d2h-code-line-prefix/\\">+</span>/n            <span class=/\\"d2h-code-line-ctn/\\">foo body</span>/n        </div>/n    </td>/n</tr>/n                </tbody>/n            </table>/n        </div>/n    </div>/n</div>/n</div>\\"},{\\"action\\":\\"Added\\",\\"fname\\":\\"vault1/root.md\\",\\"diff\\":\\"<div class=/\\"d2h-file-list-wrapper/\\">/n    <div class=/\\"d2h-file-list-header/\\">/n        <span class=/\\"d2h-file-list-title/\\">Files changed (1)</span>/n        <a class=/\\"d2h-file-switch d2h-hide/\\">hide</a>/n        <a class=/\\"d2h-file-switch d2h-show/\\">show</a>/n    </div>/n    <ol class=/\\"d2h-file-list/\\">/n    <li class=/\\"d2h-file-list-line/\\">/n    <span class=/\\"d2h-file-name-wrapper/\\">/n      <svg aria-hidden=/\\"true/\\" class=/\\"d2h-icon d2h-added/\\" height=/\\"16/\\" title=/\\"added/\\" version=/\\"1.1/\\" viewBox=/\\"0 0 14 16/\\"/n           width=/\\"14/\\">/n          <path d=/\\"M13 1H1C0.45 1 0 1.45 0 2v12c0 0.55 0.45 1 1 1h12c0.55 0 1-0.45 1-1V2c0-0.55-0.45-1-1-1z m0 13H1V2h12v12zM6 9H3V7h3V4h2v3h3v2H8v3H6V9z/\\"></path>/n      </svg>      <a href=/\\"#d2h-970387/\\" class=/\\"d2h-file-name/\\">vault1/root.md</a>/n      <span class=/\\"d2h-file-stats/\\">/n          <span class=/\\"d2h-lines-added/\\">+10</span>/n          <span class=/\\"d2h-lines-deleted/\\">-0</span>/n      </span>/n    </span>/n</li>/n    </ol>/n</div><div class=/\\"d2h-wrapper/\\">/n    <div id=/\\"d2h-970387/\\" class=/\\"d2h-file-wrapper/\\" data-lang=/\\"md/\\">/n    <div class=/\\"d2h-file-header/\\">/n    <span class=/\\"d2h-file-name-wrapper/\\">/n    <svg aria-hidden=/\\"true/\\" class=/\\"d2h-icon/\\" height=/\\"16/\\" version=/\\"1.1/\\" viewBox=/\\"0 0 12 16/\\" width=/\\"12/\\">/n        <path d=/\\"M6 5H2v-1h4v1zM2 8h7v-1H2v1z m0 2h7v-1H2v1z m0 2h7v-1H2v1z m10-7.5v9.5c0 0.55-0.45 1-1 1H1c-0.55 0-1-0.45-1-1V2c0-0.55 0.45-1 1-1h7.5l3.5 3.5z m-1 0.5L8 2H1v12h10V5z/\\"></path>/n    </svg>    <span class=/\\"d2h-file-name/\\">vault1/root.md</span>/n    <span class=/\\"d2h-tag d2h-added d2h-added-tag/\\">ADDED</span></span>/n<label class=/\\"d2h-file-collapse/\\">/n    <input class=/\\"d2h-file-collapse-input/\\" type=/\\"checkbox/\\" name=/\\"viewed/\\" value=/\\"viewed/\\">/n    Viewed/n</label>/n    </div>/n    <div class=/\\"d2h-file-diff/\\">/n        <div class=/\\"d2h-code-wrapper/\\">/n            <table class=/\\"d2h-diff-table/\\">/n                <tbody class=/\\"d2h-diff-tbody/\\">/n                <tr>/n    <td class=/\\"d2h-code-linenumber d2h-info/\\"></td>/n    <td class=/\\"d2h-info/\\">/n        <div class=/\\"d2h-code-line d2h-info/\\">@@ -0,0 +1,10 @@</div>/n    </td>/n</tr><tr>/n    <td class=/\\"d2h-code-linenumber d2h-ins/\\">/n      <div class=/\\"line-num1/\\"></div>/n<div class=/\\"line-num2/\\">1</div>/n    </td>/n    <td class=/\\"d2h-ins/\\">/n        <div class=/\\"d2h-code-line d2h-ins/\\">/n            <span class=/\\"d2h-code-line-prefix/\\">+</span>/n            <span class=/\\"d2h-code-line-ctn/\\">---</span>/n        </div>/n    </td>/n</tr><tr>/n    <td class=/\\"d2h-code-linenumber d2h-ins/\\">/n      <div class=/\\"line-num1/\\"></div>/n<div class=/\\"line-num2/\\">2</div>/n    </td>/n    <td class=/\\"d2h-ins/\\">/n        <div class=/\\"d2h-code-line d2h-ins/\\">/n            <span class=/\\"d2h-code-line-prefix/\\">+</span>/n            <span class=/\\"d2h-code-line-ctn/\\">id: 229dad81-255f-4b24-aa10-a52f4f58e22d</span>/n        </div>/n    </td>/n</tr><tr>/n    <td class=/\\"d2h-code-linenumber d2h-ins/\\">/n      <div class=/\\"line-num1/\\"></div>/n<div class=/\\"line-num2/\\">3</div>/n    </td>/n    <td class=/\\"d2h-ins/\\">/n        <div class=/\\"d2h-code-line d2h-ins/\\">/n            <span class=/\\"d2h-code-line-prefix/\\">+</span>/n            <span class=/\\"d2h-code-line-ctn/\\">title: Root</span>/n        </div>/n    </td>/n</tr><tr>/n    <td class=/\\"d2h-code-linenumber d2h-ins/\\">/n      <div class=/\\"line-num1/\\"></div>/n<div class=/\\"line-num2/\\">4</div>/n    </td>/n    <td class=/\\"d2h-ins/\\">/n        <div class=/\\"d2h-code-line d2h-ins/\\">/n            <span class=/\\"d2h-code-line-prefix/\\">+</span>/n            <span class=/\\"d2h-code-line-ctn/\\">desc: &#x27;&#x27;</span>/n        </div>/n    </td>/n</tr><tr>/n    <td class=/\\"d2h-code-linenumber d2h-ins/\\">/n      <div class=/\\"line-num1/\\"></div>/n<div class=/\\"line-num2/\\">5</div>/n    </td>/n    <td class=/\\"d2h-ins/\\">/n        <div class=/\\"d2h-code-line d2h-ins/\\">/n            <span class=/\\"d2h-code-line-prefix/\\">+</span>/n            <span class=/\\"d2h-code-line-ctn/\\">updated: 1616806344160</span>/n        </div>/n    </td>/n</tr><tr>/n    <td class=/\\"d2h-code-linenumber d2h-ins/\\">/n      <div class=/\\"line-num1/\\"></div>/n<div class=/\\"line-num2/\\">6</div>/n    </td>/n    <td class=/\\"d2h-ins/\\">/n        <div class=/\\"d2h-code-line d2h-ins/\\">/n            <span class=/\\"d2h-code-line-prefix/\\">+</span>/n            <span class=/\\"d2h-code-line-ctn/\\">created: 1616806344161</span>/n        </div>/n    </td>/n</tr><tr>/n    <td class=/\\"d2h-code-linenumber d2h-ins/\\">/n      <div class=/\\"line-num1/\\"></div>/n<div class=/\\"line-num2/\\">7</div>/n    </td>/n    <td class=/\\"d2h-ins/\\">/n        <div class=/\\"d2h-code-line d2h-ins/\\">/n            <span class=/\\"d2h-code-line-prefix/\\">+</span>/n            <span class=/\\"d2h-code-line-ctn/\\">---</span>/n        </div>/n    </td>/n</tr><tr>/n    <td class=/\\"d2h-code-linenumber d2h-ins/\\">/n      <div class=/\\"line-num1/\\"></div>/n<div class=/\\"line-num2/\\">8</div>/n    </td>/n    <td class=/\\"d2h-ins/\\">/n        <div class=/\\"d2h-code-line d2h-ins/\\">/n            <span class=/\\"d2h-code-line-prefix/\\">+</span>/n            <span class=/\\"d2h-code-line-ctn/\\"># Welcome to Dendron</span>/n        </div>/n    </td>/n</tr><tr>/n    <td class=/\\"d2h-code-linenumber d2h-ins/\\">/n      <div class=/\\"line-num1/\\"></div>/n<div class=/\\"line-num2/\\">9</div>/n    </td>/n    <td class=/\\"d2h-ins/\\">/n        <div class=/\\"d2h-code-line d2h-ins/\\">/n            <span class=/\\"d2h-code-line-prefix/\\">+</span>/n            <span class=/\\"d2h-code-line-ctn/\\"><br></span>/n        </div>/n    </td>/n</tr><tr>/n    <td class=/\\"d2h-code-linenumber d2h-ins/\\">/n      <div class=/\\"line-num1/\\"></div>/n<div class=/\\"line-num2/\\">10</div>/n    </td>/n    <td class=/\\"d2h-ins/\\">/n        <div class=/\\"d2h-code-line d2h-ins/\\">/n            <span class=/\\"d2h-code-line-prefix/\\">+</span>/n            <span class=/\\"d2h-code-line-ctn/\\">This is the root of your dendron vault. If you decide to publish your entire vault, this will be your landing page. You are free to customize any part of this page except the frontmatter on top. </span>/n        </div>/n    </td>/n</tr>/n                </tbody>/n            </table>/n        </div>/n    </div>/n</div>/n</div>\\"},{\\"action\\":\\"Added\\",\\"fname\\":\\"vault2/root.md\\",\\"diff\\":\\"<div class=/\\"d2h-file-list-wrapper/\\">/n    <div class=/\\"d2h-file-list-header/\\">/n        <span class=/\\"d2h-file-list-title/\\">Files changed (1)</span>/n        <a class=/\\"d2h-file-switch d2h-hide/\\">hide</a>/n        <a class=/\\"d2h-file-switch d2h-show/\\">show</a>/n    </div>/n    <ol class=/\\"d2h-file-list/\\">/n    <li class=/\\"d2h-file-list-line/\\">/n    <span class=/\\"d2h-file-name-wrapper/\\">/n      <svg aria-hidden=/\\"true/\\" class=/\\"d2h-icon d2h-added/\\" height=/\\"16/\\" title=/\\"added/\\" version=/\\"1.1/\\" viewBox=/\\"0 0 14 16/\\"/n           width=/\\"14/\\">/n          <path d=/\\"M13 1H1C0.45 1 0 1.45 0 2v12c0 0.55 0.45 1 1 1h12c0.55 0 1-0.45 1-1V2c0-0.55-0.45-1-1-1z m0 13H1V2h12v12zM6 9H3V7h3V4h2v3h3v2H8v3H6V9z/\\"></path>/n      </svg>      <a href=/\\"#d2h-484076/\\" class=/\\"d2h-file-name/\\">vault2/root.md</a>/n      <span class=/\\"d2h-file-stats/\\">/n          <span class=/\\"d2h-lines-added/\\">+10</span>/n          <span class=/\\"d2h-lines-deleted/\\">-0</span>/n      </span>/n    </span>/n</li>/n    </ol>/n</div><div class=/\\"d2h-wrapper/\\">/n    <div id=/\\"d2h-484076/\\" class=/\\"d2h-file-wrapper/\\" data-lang=/\\"md/\\">/n    <div class=/\\"d2h-file-header/\\">/n    <span class=/\\"d2h-file-name-wrapper/\\">/n    <svg aria-hidden=/\\"true/\\" class=/\\"d2h-icon/\\" height=/\\"16/\\" version=/\\"1.1/\\" viewBox=/\\"0 0 12 16/\\" width=/\\"12/\\">/n        <path d=/\\"M6 5H2v-1h4v1zM2 8h7v-1H2v1z m0 2h7v-1H2v1z m0 2h7v-1H2v1z m10-7.5v9.5c0 0.55-0.45 1-1 1H1c-0.55 0-1-0.45-1-1V2c0-0.55 0.45-1 1-1h7.5l3.5 3.5z m-1 0.5L8 2H1v12h10V5z/\\"></path>/n    </svg>    <span class=/\\"d2h-file-name/\\">vault2/root.md</span>/n    <span class=/\\"d2h-tag d2h-added d2h-added-tag/\\">ADDED</span></span>/n<label class=/\\"d2h-file-collapse/\\">/n    <input class=/\\"d2h-file-collapse-input/\\" type=/\\"checkbox/\\" name=/\\"viewed/\\" value=/\\"viewed/\\">/n    Viewed/n</label>/n    </div>/n    <div class=/\\"d2h-file-diff/\\">/n        <div class=/\\"d2h-code-wrapper/\\">/n            <table class=/\\"d2h-diff-table/\\">/n                <tbody class=/\\"d2h-diff-tbody/\\">/n                <tr>/n    <td class=/\\"d2h-code-linenumber d2h-info/\\"></td>/n    <td class=/\\"d2h-info/\\">/n        <div class=/\\"d2h-code-line d2h-info/\\">@@ -0,0 +1,10 @@</div>/n    </td>/n</tr><tr>/n    <td class=/\\"d2h-code-linenumber d2h-ins/\\">/n      <div class=/\\"line-num1/\\"></div>/n<div class=/\\"line-num2/\\">1</div>/n    </td>/n    <td class=/\\"d2h-ins/\\">/n        <div class=/\\"d2h-code-line d2h-ins/\\">/n            <span class=/\\"d2h-code-line-prefix/\\">+</span>/n            <span class=/\\"d2h-code-line-ctn/\\">---</span>/n        </div>/n    </td>/n</tr><tr>/n    <td class=/\\"d2h-code-linenumber d2h-ins/\\">/n      <div class=/\\"line-num1/\\"></div>/n<div class=/\\"line-num2/\\">2</div>/n    </td>/n    <td class=/\\"d2h-ins/\\">/n        <div class=/\\"d2h-code-line d2h-ins/\\">/n            <span class=/\\"d2h-code-line-prefix/\\">+</span>/n            <span class=/\\"d2h-code-line-ctn/\\">id: 47a3ac8a-fcf0-4d43-8c75-111693e43464</span>/n        </div>/n    </td>/n</tr><tr>/n    <td class=/\\"d2h-code-linenumber d2h-ins/\\">/n      <div class=/\\"line-num1/\\"></div>/n<div class=/\\"line-num2/\\">3</div>/n    </td>/n    <td class=/\\"d2h-ins/\\">/n        <div class=/\\"d2h-code-line d2h-ins/\\">/n            <span class=/\\"d2h-code-line-prefix/\\">+</span>/n            <span class=/\\"d2h-code-line-ctn/\\">title: Root</span>/n        </div>/n    </td>/n</tr><tr>/n    <td class=/\\"d2h-code-linenumber d2h-ins/\\">/n      <div class=/\\"line-num1/\\"></div>/n<div class=/\\"line-num2/\\">4</div>/n    </td>/n    <td class=/\\"d2h-ins/\\">/n        <div class=/\\"d2h-code-line d2h-ins/\\">/n            <span class=/\\"d2h-code-line-prefix/\\">+</span>/n            <span class=/\\"d2h-code-line-ctn/\\">desc: &#x27;&#x27;</span>/n        </div>/n    </td>/n</tr><tr>/n    <td class=/\\"d2h-code-linenumber d2h-ins/\\">/n      <div class=/\\"line-num1/\\"></div>/n<div class=/\\"line-num2/\\">5</div>/n    </td>/n    <td class=/\\"d2h-ins/\\">/n        <div class=/\\"d2h-code-line d2h-ins/\\">/n            <span class=/\\"d2h-code-line-prefix/\\">+</span>/n            <span class=/\\"d2h-code-line-ctn/\\">updated: 1616806344165</span>/n        </div>/n    </td>/n</tr><tr>/n    <td class=/\\"d2h-code-linenumber d2h-ins/\\">/n      <div class=/\\"line-num1/\\"></div>/n<div class=/\\"line-num2/\\">6</div>/n    </td>/n    <td class=/\\"d2h-ins/\\">/n        <div class=/\\"d2h-code-line d2h-ins/\\">/n            <span class=/\\"d2h-code-line-prefix/\\">+</span>/n            <span class=/\\"d2h-code-line-ctn/\\">created: 1616806344165</span>/n        </div>/n    </td>/n</tr><tr>/n    <td class=/\\"d2h-code-linenumber d2h-ins/\\">/n      <div class=/\\"line-num1/\\"></div>/n<div class=/\\"line-num2/\\">7</div>/n    </td>/n    <td class=/\\"d2h-ins/\\">/n        <div class=/\\"d2h-code-line d2h-ins/\\">/n            <span class=/\\"d2h-code-line-prefix/\\">+</span>/n            <span class=/\\"d2h-code-line-ctn/\\">---</span>/n        </div>/n    </td>/n</tr><tr>/n    <td class=/\\"d2h-code-linenumber d2h-ins/\\">/n      <div class=/\\"line-num1/\\"></div>/n<div class=/\\"line-num2/\\">8</div>/n    </td>/n    <td class=/\\"d2h-ins/\\">/n        <div class=/\\"d2h-code-line d2h-ins/\\">/n            <span class=/\\"d2h-code-line-prefix/\\">+</span>/n            <span class=/\\"d2h-code-line-ctn/\\"># Welcome to Dendron</span>/n        </div>/n    </td>/n</tr><tr>/n    <td class=/\\"d2h-code-linenumber d2h-ins/\\">/n      <div class=/\\"line-num1/\\"></div>/n<div class=/\\"line-num2/\\">9</div>/n    </td>/n    <td class=/\\"d2h-ins/\\">/n        <div class=/\\"d2h-code-line d2h-ins/\\">/n            <span class=/\\"d2h-code-line-prefix/\\">+</span>/n            <span class=/\\"d2h-code-line-ctn/\\"><br></span>/n        </div>/n    </td>/n</tr><tr>/n    <td class=/\\"d2h-code-linenumber d2h-ins/\\">/n      <div class=/\\"line-num1/\\"></div>/n<div class=/\\"line-num2/\\">10</div>/n    </td>/n    <td class=/\\"d2h-ins/\\">/n        <div class=/\\"d2h-code-line d2h-ins/\\">/n            <span class=/\\"d2h-code-line-prefix/\\">+</span>/n            <span class=/\\"d2h-code-line-ctn/\\">This is the root of your dendron vault. If you decide to publish your entire vault, this will be your landing page. You are free to customize any part of this page except the frontmatter on top. </span>/n        </div>/n    </td>/n</tr>/n                </tbody>/n            </table>/n        </div>/n    </div>/n</div>/n</div>\\"},{\\"action\\":\\"Added\\",\\"fname\\":\\"vault3/root.md\\",\\"diff\\":\\"<div class=/\\"d2h-file-list-wrapper/\\">/n    <div class=/\\"d2h-file-list-header/\\">/n        <span class=/\\"d2h-file-list-title/\\">Files changed (1)</span>/n        <a class=/\\"d2h-file-switch d2h-hide/\\">hide</a>/n        <a class=/\\"d2h-file-switch d2h-show/\\">show</a>/n    </div>/n    <ol class=/\\"d2h-file-list/\\">/n    <li class=/\\"d2h-file-list-line/\\">/n    <span class=/\\"d2h-file-name-wrapper/\\">/n      <svg aria-hidden=/\\"true/\\" class=/\\"d2h-icon d2h-added/\\" height=/\\"16/\\" title=/\\"added/\\" version=/\\"1.1/\\" viewBox=/\\"0 0 14 16/\\"/n           width=/\\"14/\\">/n          <path d=/\\"M13 1H1C0.45 1 0 1.45 0 2v12c0 0.55 0.45 1 1 1h12c0.55 0 1-0.45 1-1V2c0-0.55-0.45-1-1-1z m0 13H1V2h12v12zM6 9H3V7h3V4h2v3h3v2H8v3H6V9z/\\"></path>/n      </svg>      <a href=/\\"#d2h-028757/\\" class=/\\"d2h-file-name/\\">vault3/root.md</a>/n      <span class=/\\"d2h-file-stats/\\">/n          <span class=/\\"d2h-lines-added/\\">+10</span>/n          <span class=/\\"d2h-lines-deleted/\\">-0</span>/n      </span>/n    </span>/n</li>/n    </ol>/n</div><div class=/\\"d2h-wrapper/\\">/n    <div id=/\\"d2h-028757/\\" class=/\\"d2h-file-wrapper/\\" data-lang=/\\"md/\\">/n    <div class=/\\"d2h-file-header/\\">/n    <span class=/\\"d2h-file-name-wrapper/\\">/n    <svg aria-hidden=/\\"true/\\" class=/\\"d2h-icon/\\" height=/\\"16/\\" version=/\\"1.1/\\" viewBox=/\\"0 0 12 16/\\" width=/\\"12/\\">/n        <path d=/\\"M6 5H2v-1h4v1zM2 8h7v-1H2v1z m0 2h7v-1H2v1z m0 2h7v-1H2v1z m10-7.5v9.5c0 0.55-0.45 1-1 1H1c-0.55 0-1-0.45-1-1V2c0-0.55 0.45-1 1-1h7.5l3.5 3.5z m-1 0.5L8 2H1v12h10V5z/\\"></path>/n    </svg>    <span class=/\\"d2h-file-name/\\">vault3/root.md</span>/n    <span class=/\\"d2h-tag d2h-added d2h-added-tag/\\">ADDED</span></span>/n<label class=/\\"d2h-file-collapse/\\">/n    <input class=/\\"d2h-file-collapse-input/\\" type=/\\"checkbox/\\" name=/\\"viewed/\\" value=/\\"viewed/\\">/n    Viewed/n</label>/n    </div>/n    <div class=/\\"d2h-file-diff/\\">/n        <div class=/\\"d2h-code-wrapper/\\">/n            <table class=/\\"d2h-diff-table/\\">/n                <tbody class=/\\"d2h-diff-tbody/\\">/n                <tr>/n    <td class=/\\"d2h-code-linenumber d2h-info/\\"></td>/n    <td class=/\\"d2h-info/\\">/n        <div class=/\\"d2h-code-line d2h-info/\\">@@ -0,0 +1,10 @@</div>/n    </td>/n</tr><tr>/n    <td class=/\\"d2h-code-linenumber d2h-ins/\\">/n      <div class=/\\"line-num1/\\"></div>/n<div class=/\\"line-num2/\\">1</div>/n    </td>/n    <td class=/\\"d2h-ins/\\">/n        <div class=/\\"d2h-code-line d2h-ins/\\">/n            <span class=/\\"d2h-code-line-prefix/\\">+</span>/n            <span class=/\\"d2h-code-line-ctn/\\">---</span>/n        </div>/n    </td>/n</tr><tr>/n    <td class=/\\"d2h-code-linenumber d2h-ins/\\">/n      <div class=/\\"line-num1/\\"></div>/n<div class=/\\"line-num2/\\">2</div>/n    </td>/n    <td class=/\\"d2h-ins/\\">/n        <div class=/\\"d2h-code-line d2h-ins/\\">/n            <span class=/\\"d2h-code-line-prefix/\\">+</span>/n            <span class=/\\"d2h-code-line-ctn/\\">id: fd6ad757-c7c6-4f8a-84d2-cc8780581a69</span>/n        </div>/n    </td>/n</tr><tr>/n    <td class=/\\"d2h-code-linenumber d2h-ins/\\">/n      <div class=/\\"line-num1/\\"></div>/n<div class=/\\"line-num2/\\">3</div>/n    </td>/n    <td class=/\\"d2h-ins/\\">/n        <div class=/\\"d2h-code-line d2h-ins/\\">/n            <span class=/\\"d2h-code-line-prefix/\\">+</span>/n            <span class=/\\"d2h-code-line-ctn/\\">title: Root</span>/n        </div>/n    </td>/n</tr><tr>/n    <td class=/\\"d2h-code-linenumber d2h-ins/\\">/n      <div class=/\\"line-num1/\\"></div>/n<div class=/\\"line-num2/\\">4</div>/n    </td>/n    <td class=/\\"d2h-ins/\\">/n        <div class=/\\"d2h-code-line d2h-ins/\\">/n            <span class=/\\"d2h-code-line-prefix/\\">+</span>/n            <span class=/\\"d2h-code-line-ctn/\\">desc: &#x27;&#x27;</span>/n        </div>/n    </td>/n</tr><tr>/n    <td class=/\\"d2h-code-linenumber d2h-ins/\\">/n      <div class=/\\"line-num1/\\"></div>/n<div class=/\\"line-num2/\\">5</div>/n    </td>/n    <td class=/\\"d2h-ins/\\">/n        <div class=/\\"d2h-code-line d2h-ins/\\">/n            <span class=/\\"d2h-code-line-prefix/\\">+</span>/n            <span class=/\\"d2h-code-line-ctn/\\">updated: 1616806344166</span>/n        </div>/n    </td>/n</tr><tr>/n    <td class=/\\"d2h-code-linenumber d2h-ins/\\">/n      <div class=/\\"line-num1/\\"></div>/n<div class=/\\"line-num2/\\">6</div>/n    </td>/n    <td class=/\\"d2h-ins/\\">/n        <div class=/\\"d2h-code-line d2h-ins/\\">/n            <span class=/\\"d2h-code-line-prefix/\\">+</span>/n            <span class=/\\"d2h-code-line-ctn/\\">created: 1616806344166</span>/n        </div>/n    </td>/n</tr><tr>/n    <td class=/\\"d2h-code-linenumber d2h-ins/\\">/n      <div class=/\\"line-num1/\\"></div>/n<div class=/\\"line-num2/\\">7</div>/n    </td>/n    <td class=/\\"d2h-ins/\\">/n        <div class=/\\"d2h-code-line d2h-ins/\\">/n            <span class=/\\"d2h-code-line-prefix/\\">+</span>/n            <span class=/\\"d2h-code-line-ctn/\\">---</span>/n        </div>/n    </td>/n</tr><tr>/n    <td class=/\\"d2h-code-linenumber d2h-ins/\\">/n      <div class=/\\"line-num1/\\"></div>/n<div class=/\\"line-num2/\\">8</div>/n    </td>/n    <td class=/\\"d2h-ins/\\">/n        <div class=/\\"d2h-code-line d2h-ins/\\">/n            <span class=/\\"d2h-code-line-prefix/\\">+</span>/n            <span class=/\\"d2h-code-line-ctn/\\"># Welcome to Dendron</span>/n        </div>/n    </td>/n</tr><tr>/n    <td class=/\\"d2h-code-linenumber d2h-ins/\\">/n      <div class=/\\"line-num1/\\"></div>/n<div class=/\\"line-num2/\\">9</div>/n    </td>/n    <td class=/\\"d2h-ins/\\">/n        <div class=/\\"d2h-code-line d2h-ins/\\">/n            <span class=/\\"d2h-code-line-prefix/\\">+</span>/n            <span class=/\\"d2h-code-line-ctn/\\"><br></span>/n        </div>/n    </td>/n</tr><tr>/n    <td class=/\\"d2h-code-linenumber d2h-ins/\\">/n      <div class=/\\"line-num1/\\"></div>/n<div class=/\\"line-num2/\\">10</div>/n    </td>/n    <td class=/\\"d2h-ins/\\">/n        <div class=/\\"d2h-code-line d2h-ins/\\">/n            <span class=/\\"d2h-code-line-prefix/\\">+</span>/n            <span class=/\\"d2h-code-line-ctn/\\">This is the root of your dendron vault. If you decide to publish your entire vault, this will be your landing page. You are free to customize any part of this page except the frontmatter on top. </span>/n        </div>/n    </td>/n</tr>/n                </tbody>/n            </table>/n        </div>/n    </div>/n</div>/n</div>\\"}]}]}
"
`;
