// Jest Snapshot v1, https://goo.gl/fbAQLP

exports[`GIVEN mermaid WHEN execute "HTML: WITH_MERMAID: PUBLISHING" 1`] = `
VFile {
  "contents": "<h1 id=\\"foo\\"><a aria-hidden=\\"true\\" class=\\"anchor-heading\\" href=\\"#foo\\"><svg aria-hidden=\\"true\\" viewBox=\\"0 0 16 16\\"><use xlink:href=\\"#svg-link\\"></use></svg></a>Foo</h1>
<h1 id=\\"mermaid-code-block\\"><a aria-hidden=\\"true\\" class=\\"anchor-heading\\" href=\\"#mermaid-code-block\\"><svg aria-hidden=\\"true\\" viewBox=\\"0 0 16 16\\"><use xlink:href=\\"#svg-link\\"></use></svg></a>mermaid code block</h1>
<div class=\\"mermaid\\">
  graph LR
Start --> Stop
</div>
<hr>
<h2 id=\\"children\\"><a aria-hidden=\\"true\\" class=\\"anchor-heading\\" href=\\"#children\\"><svg aria-hidden=\\"true\\" viewBox=\\"0 0 16 16\\"><use xlink:href=\\"#svg-link\\"></use></svg></a>Children</h2>
<ol>
<li><a href=\\"/notes/foo.ch1.html\\">Ch1</a></li>
</ol>",
  "cwd": "<PROJECT_ROOT>",
  "data": Object {},
  "history": Array [],
  "messages": Array [
    [11:1-14:4: mermaid code block replaced with div],
  ],
}
`;
