// Jest Snapshot v1, https://goo.gl/fbAQLP

exports[`basics can't publish 1`] = `
VFile {
  "contents": "<p><a href=\\"403.html\\">an alias</a></p>",
  "cwd": "/Users/kevinlin/projects/dendronv2/dendron/packages/engine-server",
  "data": Object {},
  "history": Array [],
  "messages": Array [],
}
`;
