// Jest Snapshot v1, https://goo.gl/fbAQLP

exports[`h1ToTitle basic 1`] = `
Array [
  Object {
    "body": "
",
    "children": Array [
      "bar",
      "foo",
    ],
    "created": "1",
    "custom": Object {},
    "data": Object {},
    "desc": "",
    "fname": "root",
    "id": "478233bc-8f84-46cd-b1f0-126ab13e59d9",
    "links": Array [],
    "parent": null,
    "title": "Root",
    "type": "note",
    "updated": "1",
    "vault": Object {
      "fsPath": "vault1",
    },
  },
  Object {
    "body": "## Bar Content
",
    "children": Array [],
    "created": "1",
    "custom": Object {},
    "data": Object {},
    "desc": "",
    "fname": "bar",
    "id": "bar",
    "links": Array [],
    "parent": "478233bc-8f84-46cd-b1f0-126ab13e59d9",
    "title": "Bar Header",
    "type": "note",
    "updated": "1",
    "vault": Object {
      "fsPath": "vault1",
    },
  },
  Object {
    "body": "## Foo Content
",
    "children": Array [],
    "created": "1",
    "custom": Object {},
    "data": Object {},
    "desc": "",
    "fname": "foo",
    "id": "foo",
    "links": Array [],
    "parent": "478233bc-8f84-46cd-b1f0-126ab13e59d9",
    "title": "Foo Header",
    "type": "note",
    "updated": "1",
    "vault": Object {
      "fsPath": "vault1",
    },
  },
  Object {
    "body": "
",
    "children": Array [],
    "created": "1",
    "custom": Object {},
    "data": Object {},
    "desc": "",
    "fname": "root",
    "id": "3bf30499-bbec-44af-af96-b925b325547e",
    "links": Array [],
    "parent": null,
    "title": "Root",
    "type": "note",
    "updated": "1",
    "vault": Object {
      "fsPath": "vault2",
    },
  },
]
`;
