// Jest Snapshot v1, https://goo.gl/fbAQLP

exports[`Airtable export pod basic basic 1`] = `
Array [
  Object {
    "anchors": Object {
      "welcome-to-dendron": Object {
        "column": 0,
        "line": 7,
        "text": "Welcome to Dendron",
        "type": "header",
        "value": "welcome-to-dendron",
      },
    },
    "body": "# Welcome to Dendron

This is the root of your dendron vault. If you decide to publish your entire vault, this will be your landing page. You are free to customize any part of this page except the frontmatter on top. 
",
    "children": Array [
      "bar",
      "foo",
    ],
    "contentHash": "ca76139e67ba2b9c5623ab2f05817238",
    "created": 1632958947884,
    "custom": Object {},
    "data": Object {},
    "desc": "",
    "fname": "root",
    "id": "gQP8NR9nDgKGN6j0vFtND",
    "links": Array [],
    "parent": null,
    "title": "Root",
    "type": "note",
    "updated": 1632958947884,
    "vault": Object {
      "fsPath": "vault1",
    },
  },
  Object {
    "anchors": Object {},
    "body": "bar body
",
    "children": Array [],
    "contentHash": "6657f8cf533cd621d3f4219eb0f642b7",
    "created": 1,
    "custom": Object {},
    "data": Object {},
    "desc": "",
    "fname": "bar",
    "id": "bar",
    "links": Array [],
    "parent": "gQP8NR9nDgKGN6j0vFtND",
    "title": "Bar",
    "type": "note",
    "updated": 1,
    "vault": Object {
      "fsPath": "vault1",
    },
  },
  Object {
    "anchors": Object {},
    "body": "foo body
",
    "children": Array [
      "foo.ch1",
    ],
    "contentHash": "664ac8773804ef0eac60e141f4da51cb",
    "created": 1,
    "custom": Object {},
    "data": Object {},
    "desc": "",
    "fname": "foo",
    "id": "foo",
    "links": Array [],
    "parent": "gQP8NR9nDgKGN6j0vFtND",
    "schema": Object {
      "moduleId": "foo",
      "schemaId": "foo",
    },
    "title": "Foo",
    "type": "note",
    "updated": 1,
    "vault": Object {
      "fsPath": "vault1",
    },
  },
  Object {
    "anchors": Object {},
    "body": "foo.ch1 body
",
    "children": Array [],
    "contentHash": "0e984be1c58e3d9bd63d02cfdc83c978",
    "created": 1,
    "custom": Object {},
    "data": Object {},
    "desc": "",
    "fname": "foo.ch1",
    "id": "foo.ch1",
    "links": Array [],
    "parent": "foo",
    "schema": Object {
      "moduleId": "foo",
      "schemaId": "ch1",
    },
    "title": "Ch1",
    "type": "note",
    "updated": 1,
    "vault": Object {
      "fsPath": "vault1",
    },
  },
  Object {
    "anchors": Object {
      "welcome-to-dendron": Object {
        "column": 0,
        "line": 7,
        "text": "Welcome to Dendron",
        "type": "header",
        "value": "welcome-to-dendron",
      },
    },
    "body": "# Welcome to Dendron

This is the root of your dendron vault. If you decide to publish your entire vault, this will be your landing page. You are free to customize any part of this page except the frontmatter on top. 
",
    "children": Array [],
    "contentHash": "2a69e7fa06e1872f9f58a09c18df5577",
    "created": 1632958947884,
    "custom": Object {},
    "data": Object {},
    "desc": "",
    "fname": "root",
    "id": "cAwfckLDTS2rcupArIRmi",
    "links": Array [],
    "parent": null,
    "title": "Root",
    "type": "note",
    "updated": 1632958947884,
    "vault": Object {
      "fsPath": "vault2",
    },
  },
  Object {
    "anchors": Object {
      "welcome-to-dendron": Object {
        "column": 0,
        "line": 7,
        "text": "Welcome to Dendron",
        "type": "header",
        "value": "welcome-to-dendron",
      },
    },
    "body": "# Welcome to Dendron

This is the root of your dendron vault. If you decide to publish your entire vault, this will be your landing page. You are free to customize any part of this page except the frontmatter on top. 
",
    "children": Array [],
    "contentHash": "9685fba144136005df054d36e714d7a4",
    "created": 1632958947884,
    "custom": Object {},
    "data": Object {},
    "desc": "",
    "fname": "root",
    "id": "uplTjoqGorvARrJLiaepm",
    "links": Array [],
    "parent": null,
    "title": "Root",
    "type": "note",
    "updated": 1632958947884,
    "vault": Object {
      "fsPath": "vault3",
      "name": "vaultThree",
    },
  },
]
`;
