// Jest Snapshot v1, https://goo.gl/fbAQLP

exports[`MarkdownPod convert links 1`] = `
"---
id: ed90467d-2120-4152-a9a7-e841c98c4377
title: N1
desc: ''
updated: 1604879654363
created: 1604879654363
---
[[project.p1.n1]]

"
`;
