// Jest Snapshot v1, https://goo.gl/fbAQLP

exports[`main one 1`] = `
Object {
  "data": Object {
    "notes": Array [
      Object {
        "body": "
",
        "children": Array [
          "id.foo",
        ],
        "created": 1601400963862,
        "custom": Object {},
        "data": Object {},
        "desc": "",
        "fname": "root",
        "id": "root",
        "parent": null,
        "stub": false,
        "title": "root",
        "type": "note",
        "updated": 1601400963862,
      },
      Object {
        "body": "foo body
",
        "children": Array [],
        "created": 1601400963868,
        "custom": Object {},
        "data": Object {},
        "desc": "",
        "fname": "foo",
        "id": "id.foo",
        "parent": "root",
        "stub": false,
        "title": "Foo",
        "type": "note",
        "updated": 1601400963868,
      },
    ],
    "schemas": Array [
      Object {
        "body": "",
        "children": Array [],
        "created": 1601400963897,
        "custom": Object {},
        "data": Object {},
        "desc": "",
        "fname": "root.schema",
        "id": "root",
        "parent": null,
        "stub": false,
        "title": "root",
        "type": "schema",
        "updated": 1601400963897,
      },
    ],
  },
  "error": null,
}
`;

exports[`main one 2`] = `
Object {
  "data": Object {
    "data": Object {
      "workspaces": Array [
        "ws:/var/folders/65/c9lrx0tx6k7b_zlb4v1bs2rr0000gn/T/tmp-26122-m67o1Aki0lIG",
        "ws:/var/folders/65/c9lrx0tx6k7b_zlb4v1bs2rr0000gn/T/tmp-27091-7nRusabb1Enc",
        "ws:/var/folders/65/c9lrx0tx6k7b_zlb4v1bs2rr0000gn/T/tmp-27536-M6FOp1Plp2D7",
      ],
    },
    "error": null,
  },
  "error": null,
}
`;
