// Jest Snapshot v1, https://goo.gl/fbAQLP

exports[`basic basic 1`] = `
Object {
  "body": "## Foo Content
",
  "children": Array [],
  "created": "1",
  "custom": Object {},
  "data": Object {},
  "desc": "",
  "fname": "foo",
  "id": "foo",
  "links": Array [],
  "parent": null,
  "title": "Foo Header",
  "type": "note",
  "updated": "1",
  "vault": Object {
    "fsPath": "vault1",
  },
}
`;
