// Jest Snapshot v1, https://goo.gl/fbAQLP

exports[`engine perf basic 1`] = `
Array [
  "0.0.md",
  "0.1.md",
  "0.10.md",
  "0.11.md",
  "0.12.md",
  "0.13.md",
  "0.14.md",
  "0.15.md",
  "0.16.md",
  "0.17.md",
  "0.18.md",
  "0.19.md",
  "0.2.md",
  "0.20.md",
  "0.21.md",
  "0.22.md",
  "0.23.md",
  "0.24.md",
  "0.25.md",
  "0.26.md",
  "0.27.md",
  "0.28.md",
  "0.29.md",
  "0.3.md",
  "0.30.md",
  "0.31.md",
  "0.32.md",
  "0.33.md",
  "0.34.md",
  "0.35.md",
  "0.36.md",
  "0.37.md",
  "0.38.md",
  "0.39.md",
  "0.4.md",
  "0.5.md",
  "0.6.md",
  "0.7.md",
  "0.8.md",
  "0.9.md",
  "0.md",
  "1.0.md",
  "1.1.md",
  "1.10.md",
  "1.11.md",
  "1.12.md",
  "1.13.md",
  "1.14.md",
  "1.15.md",
  "1.16.md",
  "1.17.md",
  "1.18.md",
  "1.19.md",
  "1.2.md",
  "1.20.md",
  "1.21.md",
  "1.22.md",
  "1.23.md",
  "1.24.md",
  "1.25.md",
  "1.26.md",
  "1.27.md",
  "1.28.md",
  "1.29.md",
  "1.3.md",
  "1.30.md",
  "1.31.md",
  "1.32.md",
  "1.33.md",
  "1.34.md",
  "1.35.md",
  "1.36.md",
  "1.37.md",
  "1.38.md",
  "1.39.md",
  "1.4.md",
  "1.5.md",
  "1.6.md",
  "1.7.md",
  "1.8.md",
  "1.9.md",
  "1.md",
  "10.0.md",
  "10.1.md",
  "10.10.md",
  "10.11.md",
  "10.12.md",
  "10.13.md",
  "10.14.md",
  "10.15.md",
  "10.16.md",
  "10.17.md",
  "10.18.md",
  "10.19.md",
  "10.2.md",
  "10.20.md",
  "10.21.md",
  "10.22.md",
  "10.23.md",
  "10.24.md",
  "10.25.md",
  "10.26.md",
  "10.27.md",
  "10.28.md",
  "10.29.md",
  "10.3.md",
  "10.30.md",
  "10.31.md",
  "10.32.md",
  "10.33.md",
  "10.34.md",
  "10.35.md",
  "10.36.md",
  "10.37.md",
  "10.38.md",
  "10.39.md",
  "10.4.md",
  "10.5.md",
  "10.6.md",
  "10.7.md",
  "10.8.md",
  "10.9.md",
  "10.md",
  "11.0.md",
  "11.1.md",
  "11.10.md",
  "11.11.md",
  "11.12.md",
  "11.13.md",
  "11.14.md",
  "11.15.md",
  "11.16.md",
  "11.17.md",
  "11.18.md",
  "11.19.md",
  "11.2.md",
  "11.20.md",
  "11.21.md",
  "11.22.md",
  "11.23.md",
  "11.24.md",
  "11.25.md",
  "11.26.md",
  "11.27.md",
  "11.28.md",
  "11.29.md",
  "11.3.md",
  "11.30.md",
  "11.31.md",
  "11.32.md",
  "11.33.md",
  "11.34.md",
  "11.35.md",
  "11.36.md",
  "11.37.md",
  "11.38.md",
  "11.39.md",
  "11.4.md",
  "11.5.md",
  "11.6.md",
  "11.7.md",
  "11.8.md",
  "11.9.md",
  "11.md",
  "12.0.md",
  "12.1.md",
  "12.10.md",
  "12.11.md",
  "12.12.md",
  "12.13.md",
  "12.14.md",
  "12.15.md",
  "12.16.md",
  "12.17.md",
  "12.18.md",
  "12.19.md",
  "12.2.md",
  "12.20.md",
  "12.21.md",
  "12.22.md",
  "12.23.md",
  "12.24.md",
  "12.25.md",
  "12.26.md",
  "12.27.md",
  "12.28.md",
  "12.29.md",
  "12.3.md",
  "12.30.md",
  "12.31.md",
  "12.32.md",
  "12.33.md",
  "12.34.md",
  "12.35.md",
  "12.36.md",
  "12.37.md",
  "12.38.md",
  "12.39.md",
  "12.4.md",
  "12.5.md",
  "12.6.md",
  "12.7.md",
  "12.8.md",
  "12.9.md",
  "12.md",
  "13.0.md",
  "13.1.md",
  "13.10.md",
  "13.11.md",
  "13.12.md",
  "13.13.md",
  "13.14.md",
  "13.15.md",
  "13.16.md",
  "13.17.md",
  "13.18.md",
  "13.19.md",
  "13.2.md",
  "13.20.md",
  "13.21.md",
  "13.22.md",
  "13.23.md",
  "13.24.md",
  "13.25.md",
  "13.26.md",
  "13.27.md",
  "13.28.md",
  "13.29.md",
  "13.3.md",
  "13.30.md",
  "13.31.md",
  "13.32.md",
  "13.33.md",
  "13.34.md",
  "13.35.md",
  "13.36.md",
  "13.37.md",
  "13.38.md",
  "13.39.md",
  "13.4.md",
  "13.5.md",
  "13.6.md",
  "13.7.md",
  "13.8.md",
  "13.9.md",
  "13.md",
  "14.0.md",
  "14.1.md",
  "14.10.md",
  "14.11.md",
  "14.12.md",
  "14.13.md",
  "14.14.md",
  "14.15.md",
  "14.16.md",
  "14.17.md",
  "14.18.md",
  "14.19.md",
  "14.2.md",
  "14.20.md",
  "14.21.md",
  "14.22.md",
  "14.23.md",
  "14.24.md",
  "14.25.md",
  "14.26.md",
  "14.27.md",
  "14.28.md",
  "14.29.md",
  "14.3.md",
  "14.30.md",
  "14.31.md",
  "14.32.md",
  "14.33.md",
  "14.34.md",
  "14.35.md",
  "14.36.md",
  "14.37.md",
  "14.38.md",
  "14.39.md",
  "14.4.md",
  "14.5.md",
  "14.6.md",
  "14.7.md",
  "14.8.md",
  "14.9.md",
  "14.md",
  "15.0.md",
  "15.1.md",
  "15.10.md",
  "15.11.md",
  "15.12.md",
  "15.13.md",
  "15.14.md",
  "15.15.md",
  "15.16.md",
  "15.17.md",
  "15.18.md",
  "15.19.md",
  "15.2.md",
  "15.20.md",
  "15.21.md",
  "15.22.md",
  "15.23.md",
  "15.24.md",
  "15.25.md",
  "15.26.md",
  "15.27.md",
  "15.28.md",
  "15.29.md",
  "15.3.md",
  "15.30.md",
  "15.31.md",
  "15.32.md",
  "15.33.md",
  "15.34.md",
  "15.35.md",
  "15.36.md",
  "15.37.md",
  "15.38.md",
  "15.39.md",
  "15.4.md",
  "15.5.md",
  "15.6.md",
  "15.7.md",
  "15.8.md",
  "15.9.md",
  "15.md",
  "16.0.md",
  "16.1.md",
  "16.10.md",
  "16.11.md",
  "16.12.md",
  "16.13.md",
  "16.14.md",
  "16.15.md",
  "16.16.md",
  "16.17.md",
  "16.18.md",
  "16.19.md",
  "16.2.md",
  "16.20.md",
  "16.21.md",
  "16.22.md",
  "16.23.md",
  "16.24.md",
  "16.25.md",
  "16.26.md",
  "16.27.md",
  "16.28.md",
  "16.29.md",
  "16.3.md",
  "16.30.md",
  "16.31.md",
  "16.32.md",
  "16.33.md",
  "16.34.md",
  "16.35.md",
  "16.36.md",
  "16.37.md",
  "16.38.md",
  "16.39.md",
  "16.4.md",
  "16.5.md",
  "16.6.md",
  "16.7.md",
  "16.8.md",
  "16.9.md",
  "16.md",
  "17.0.md",
  "17.1.md",
  "17.10.md",
  "17.11.md",
  "17.12.md",
  "17.13.md",
  "17.14.md",
  "17.15.md",
  "17.16.md",
  "17.17.md",
  "17.18.md",
  "17.19.md",
  "17.2.md",
  "17.20.md",
  "17.21.md",
  "17.22.md",
  "17.23.md",
  "17.24.md",
  "17.25.md",
  "17.26.md",
  "17.27.md",
  "17.28.md",
  "17.29.md",
  "17.3.md",
  "17.30.md",
  "17.31.md",
  "17.32.md",
  "17.33.md",
  "17.34.md",
  "17.35.md",
  "17.36.md",
  "17.37.md",
  "17.38.md",
  "17.39.md",
  "17.4.md",
  "17.5.md",
  "17.6.md",
  "17.7.md",
  "17.8.md",
  "17.9.md",
  "17.md",
  "18.0.md",
  "18.1.md",
  "18.10.md",
  "18.11.md",
  "18.12.md",
  "18.13.md",
  "18.14.md",
  "18.15.md",
  "18.16.md",
  "18.17.md",
  "18.18.md",
  "18.19.md",
  "18.2.md",
  "18.20.md",
  "18.21.md",
  "18.22.md",
  "18.23.md",
  "18.24.md",
  "18.25.md",
  "18.26.md",
  "18.27.md",
  "18.28.md",
  "18.29.md",
  "18.3.md",
  "18.30.md",
  "18.31.md",
  "18.32.md",
  "18.33.md",
  "18.34.md",
  "18.35.md",
  "18.36.md",
  "18.37.md",
  "18.38.md",
  "18.39.md",
  "18.4.md",
  "18.5.md",
  "18.6.md",
  "18.7.md",
  "18.8.md",
  "18.9.md",
  "18.md",
  "19.0.md",
  "19.1.md",
  "19.10.md",
  "19.11.md",
  "19.12.md",
  "19.13.md",
  "19.14.md",
  "19.15.md",
  "19.16.md",
  "19.17.md",
  "19.18.md",
  "19.19.md",
  "19.2.md",
  "19.20.md",
  "19.21.md",
  "19.22.md",
  "19.23.md",
  "19.24.md",
  "19.25.md",
  "19.26.md",
  "19.27.md",
  "19.28.md",
  "19.29.md",
  "19.3.md",
  "19.30.md",
  "19.31.md",
  "19.32.md",
  "19.33.md",
  "19.34.md",
  "19.35.md",
  "19.36.md",
  "19.37.md",
  "19.38.md",
  "19.39.md",
  "19.4.md",
  "19.5.md",
  "19.6.md",
  "19.7.md",
  "19.8.md",
  "19.9.md",
  "19.md",
  "2.0.md",
  "2.1.md",
  "2.10.md",
  "2.11.md",
  "2.12.md",
  "2.13.md",
  "2.14.md",
  "2.15.md",
  "2.16.md",
  "2.17.md",
  "2.18.md",
  "2.19.md",
  "2.2.md",
  "2.20.md",
  "2.21.md",
  "2.22.md",
  "2.23.md",
  "2.24.md",
  "2.25.md",
  "2.26.md",
  "2.27.md",
  "2.28.md",
  "2.29.md",
  "2.3.md",
  "2.30.md",
  "2.31.md",
  "2.32.md",
  "2.33.md",
  "2.34.md",
  "2.35.md",
  "2.36.md",
  "2.37.md",
  "2.38.md",
  "2.39.md",
  "2.4.md",
  "2.5.md",
  "2.6.md",
  "2.7.md",
  "2.8.md",
  "2.9.md",
  "2.md",
  "20.0.md",
  "20.1.md",
  "20.10.md",
  "20.11.md",
  "20.12.md",
  "20.13.md",
  "20.14.md",
  "20.15.md",
  "20.16.md",
  "20.17.md",
  "20.18.md",
  "20.19.md",
  "20.2.md",
  "20.20.md",
  "20.21.md",
  "20.22.md",
  "20.23.md",
  "20.24.md",
  "20.25.md",
  "20.26.md",
  "20.27.md",
  "20.28.md",
  "20.29.md",
  "20.3.md",
  "20.30.md",
  "20.31.md",
  "20.32.md",
  "20.33.md",
  "20.34.md",
  "20.35.md",
  "20.36.md",
  "20.37.md",
  "20.38.md",
  "20.39.md",
  "20.4.md",
  "20.5.md",
  "20.6.md",
  "20.7.md",
  "20.8.md",
  "20.9.md",
  "20.md",
  "21.0.md",
  "21.1.md",
  "21.10.md",
  "21.11.md",
  "21.12.md",
  "21.13.md",
  "21.14.md",
  "21.15.md",
  "21.16.md",
  "21.17.md",
  "21.18.md",
  "21.19.md",
  "21.2.md",
  "21.20.md",
  "21.21.md",
  "21.22.md",
  "21.23.md",
  "21.24.md",
  "21.25.md",
  "21.26.md",
  "21.27.md",
  "21.28.md",
  "21.29.md",
  "21.3.md",
  "21.30.md",
  "21.31.md",
  "21.32.md",
  "21.33.md",
  "21.34.md",
  "21.35.md",
  "21.36.md",
  "21.37.md",
  "21.38.md",
  "21.39.md",
  "21.4.md",
  "21.5.md",
  "21.6.md",
  "21.7.md",
  "21.8.md",
  "21.9.md",
  "21.md",
  "22.0.md",
  "22.1.md",
  "22.10.md",
  "22.11.md",
  "22.12.md",
  "22.13.md",
  "22.14.md",
  "22.15.md",
  "22.16.md",
  "22.17.md",
  "22.18.md",
  "22.19.md",
  "22.2.md",
  "22.20.md",
  "22.21.md",
  "22.22.md",
  "22.23.md",
  "22.24.md",
  "22.25.md",
  "22.26.md",
  "22.27.md",
  "22.28.md",
  "22.29.md",
  "22.3.md",
  "22.30.md",
  "22.31.md",
  "22.32.md",
  "22.33.md",
  "22.34.md",
  "22.35.md",
  "22.36.md",
  "22.37.md",
  "22.38.md",
  "22.39.md",
  "22.4.md",
  "22.5.md",
  "22.6.md",
  "22.7.md",
  "22.8.md",
  "22.9.md",
  "22.md",
  "23.0.md",
  "23.1.md",
  "23.10.md",
  "23.11.md",
  "23.12.md",
  "23.13.md",
  "23.14.md",
  "23.15.md",
  "23.16.md",
  "23.17.md",
  "23.18.md",
  "23.19.md",
  "23.2.md",
  "23.20.md",
  "23.21.md",
  "23.22.md",
  "23.23.md",
  "23.24.md",
  "23.25.md",
  "23.26.md",
  "23.27.md",
  "23.28.md",
  "23.29.md",
  "23.3.md",
  "23.30.md",
  "23.31.md",
  "23.32.md",
  "23.33.md",
  "23.34.md",
  "23.35.md",
  "23.36.md",
  "23.37.md",
  "23.38.md",
  "23.39.md",
  "23.4.md",
  "23.5.md",
  "23.6.md",
  "23.7.md",
  "23.8.md",
  "23.9.md",
  "23.md",
  "24.0.md",
  "24.1.md",
  "24.10.md",
  "24.11.md",
  "24.12.md",
  "24.13.md",
  "24.14.md",
  "24.15.md",
  "24.16.md",
  "24.17.md",
  "24.18.md",
  "24.19.md",
  "24.2.md",
  "24.20.md",
  "24.21.md",
  "24.22.md",
  "24.23.md",
  "24.24.md",
  "24.25.md",
  "24.26.md",
  "24.27.md",
  "24.28.md",
  "24.29.md",
  "24.3.md",
  "24.30.md",
  "24.31.md",
  "24.32.md",
  "24.33.md",
  "24.34.md",
  "24.35.md",
  "24.36.md",
  "24.37.md",
  "24.38.md",
  "24.39.md",
  "24.4.md",
  "24.5.md",
  "24.6.md",
  "24.7.md",
  "24.8.md",
  "24.9.md",
  "24.md",
  "25.0.md",
  "25.1.md",
  "25.10.md",
  "25.11.md",
  "25.12.md",
  "25.13.md",
  "25.14.md",
  "25.15.md",
  "25.16.md",
  "25.17.md",
  "25.18.md",
  "25.19.md",
  "25.2.md",
  "25.20.md",
  "25.21.md",
  "25.22.md",
  "25.23.md",
  "25.24.md",
  "25.25.md",
  "25.26.md",
  "25.27.md",
  "25.28.md",
  "25.29.md",
  "25.3.md",
  "25.30.md",
  "25.31.md",
  "25.32.md",
  "25.33.md",
  "25.34.md",
  "25.35.md",
  "25.36.md",
  "25.37.md",
  "25.38.md",
  "25.39.md",
  "25.4.md",
  "25.5.md",
  "25.6.md",
  "25.7.md",
  "25.8.md",
  "25.9.md",
  "25.md",
  "26.0.md",
  "26.1.md",
  "26.10.md",
  "26.11.md",
  "26.12.md",
  "26.13.md",
  "26.14.md",
  "26.15.md",
  "26.16.md",
  "26.17.md",
  "26.18.md",
  "26.19.md",
  "26.2.md",
  "26.20.md",
  "26.21.md",
  "26.22.md",
  "26.23.md",
  "26.24.md",
  "26.25.md",
  "26.26.md",
  "26.27.md",
  "26.28.md",
  "26.29.md",
  "26.3.md",
  "26.30.md",
  "26.31.md",
  "26.32.md",
  "26.33.md",
  "26.34.md",
  "26.35.md",
  "26.36.md",
  "26.37.md",
  "26.38.md",
  "26.39.md",
  "26.4.md",
  "26.5.md",
  "26.6.md",
  "26.7.md",
  "26.8.md",
  "26.9.md",
  "26.md",
  "27.0.md",
  "27.1.md",
  "27.10.md",
  "27.11.md",
  "27.12.md",
  "27.13.md",
  "27.14.md",
  "27.15.md",
  "27.16.md",
  "27.17.md",
  "27.18.md",
  "27.19.md",
  "27.2.md",
  "27.20.md",
  "27.21.md",
  "27.22.md",
  "27.23.md",
  "27.24.md",
  "27.25.md",
  "27.26.md",
  "27.27.md",
  "27.28.md",
  "27.29.md",
  "27.3.md",
  "27.30.md",
  "27.31.md",
  "27.32.md",
  "27.33.md",
  "27.34.md",
  "27.35.md",
  "27.36.md",
  "27.37.md",
  "27.38.md",
  "27.39.md",
  "27.4.md",
  "27.5.md",
  "27.6.md",
  "27.7.md",
  "27.8.md",
  "27.9.md",
  "27.md",
  "28.0.md",
  "28.1.md",
  "28.10.md",
  "28.11.md",
  "28.12.md",
  "28.13.md",
  "28.14.md",
  "28.15.md",
  "28.16.md",
  "28.17.md",
  "28.18.md",
  "28.19.md",
  "28.2.md",
  "28.20.md",
  "28.21.md",
  "28.22.md",
  "28.23.md",
  "28.24.md",
  "28.25.md",
  "28.26.md",
  "28.27.md",
  "28.28.md",
  "28.29.md",
  "28.3.md",
  "28.30.md",
  "28.31.md",
  "28.32.md",
  "28.33.md",
  "28.34.md",
  "28.35.md",
  "28.36.md",
  "28.37.md",
  "28.38.md",
  "28.39.md",
  "28.4.md",
  "28.5.md",
  "28.6.md",
  "28.7.md",
  "28.8.md",
  "28.9.md",
  "28.md",
  "29.0.md",
  "29.1.md",
  "29.10.md",
  "29.11.md",
  "29.12.md",
  "29.13.md",
  "29.14.md",
  "29.15.md",
  "29.16.md",
  "29.17.md",
  "29.18.md",
  "29.19.md",
  "29.2.md",
  "29.20.md",
  "29.21.md",
  "29.22.md",
  "29.23.md",
  "29.24.md",
  "29.25.md",
  "29.26.md",
  "29.27.md",
  "29.28.md",
  "29.29.md",
  "29.3.md",
  "29.30.md",
  "29.31.md",
  "29.32.md",
  "29.33.md",
  "29.34.md",
  "29.35.md",
  "29.36.md",
  "29.37.md",
  "29.38.md",
  "29.39.md",
  "29.4.md",
  "29.5.md",
  "29.6.md",
  "29.7.md",
  "29.8.md",
  "29.9.md",
  "29.md",
  "3.0.md",
  "3.1.md",
  "3.10.md",
  "3.11.md",
  "3.12.md",
  "3.13.md",
  "3.14.md",
  "3.15.md",
  "3.16.md",
  "3.17.md",
  "3.18.md",
  "3.19.md",
  "3.2.md",
  "3.20.md",
  "3.21.md",
  "3.22.md",
  "3.23.md",
  "3.24.md",
  "3.25.md",
  "3.26.md",
  "3.27.md",
  "3.28.md",
  "3.29.md",
  "3.3.md",
  "3.30.md",
  "3.31.md",
  "3.32.md",
  "3.33.md",
  "3.34.md",
  "3.35.md",
  "3.36.md",
  "3.37.md",
  "3.38.md",
  "3.39.md",
  "3.4.md",
  "3.5.md",
  "3.6.md",
  "3.7.md",
  "3.8.md",
  "3.9.md",
  "3.md",
  "30.0.md",
  "30.1.md",
  "30.10.md",
  "30.11.md",
  "30.12.md",
  "30.13.md",
  "30.14.md",
  "30.15.md",
  "30.16.md",
  "30.17.md",
  "30.18.md",
  "30.19.md",
  "30.2.md",
  "30.20.md",
  "30.21.md",
  "30.22.md",
  "30.23.md",
  "30.24.md",
  "30.25.md",
  "30.26.md",
  "30.27.md",
  "30.28.md",
  "30.29.md",
  "30.3.md",
  "30.30.md",
  "30.31.md",
  "30.32.md",
  "30.33.md",
  "30.34.md",
  "30.35.md",
  "30.36.md",
  "30.37.md",
  "30.38.md",
  "30.39.md",
  "30.4.md",
  "30.5.md",
  "30.6.md",
  "30.7.md",
  "30.8.md",
  "30.9.md",
  "30.md",
  "31.0.md",
  "31.1.md",
  "31.10.md",
  "31.11.md",
  "31.12.md",
  "31.13.md",
  "31.14.md",
  "31.15.md",
  "31.16.md",
  "31.17.md",
  "31.18.md",
  "31.19.md",
  "31.2.md",
  "31.20.md",
  "31.21.md",
  "31.22.md",
  "31.23.md",
  "31.24.md",
  "31.25.md",
  "31.26.md",
  "31.27.md",
  "31.28.md",
  "31.29.md",
  "31.3.md",
  "31.30.md",
  "31.31.md",
  "31.32.md",
  "31.33.md",
  "31.34.md",
  "31.35.md",
  "31.36.md",
  "31.37.md",
  "31.38.md",
  "31.39.md",
  "31.4.md",
  "31.5.md",
  "31.6.md",
  "31.7.md",
  "31.8.md",
  "31.9.md",
  "31.md",
  "32.0.md",
  "32.1.md",
  "32.10.md",
  "32.11.md",
  "32.12.md",
  "32.13.md",
  "32.14.md",
  "32.15.md",
  "32.16.md",
  "32.17.md",
  "32.18.md",
  "32.19.md",
  "32.2.md",
  "32.20.md",
  "32.21.md",
  "32.22.md",
  "32.23.md",
  "32.24.md",
  "32.25.md",
  "32.26.md",
  "32.27.md",
  "32.28.md",
  "32.29.md",
  "32.3.md",
  "32.30.md",
  "32.31.md",
  "32.32.md",
  "32.33.md",
  "32.34.md",
  "32.35.md",
  "32.36.md",
  "32.37.md",
  "32.38.md",
  "32.39.md",
  "32.4.md",
  "32.5.md",
  "32.6.md",
  "32.7.md",
  "32.8.md",
  "32.9.md",
  "32.md",
  "33.0.md",
  "33.1.md",
  "33.10.md",
  "33.11.md",
  "33.12.md",
  "33.13.md",
  "33.14.md",
  "33.15.md",
  "33.16.md",
  "33.17.md",
  "33.18.md",
  "33.19.md",
  "33.2.md",
  "33.20.md",
  "33.21.md",
  "33.22.md",
  "33.23.md",
  "33.24.md",
  "33.25.md",
  "33.26.md",
  "33.27.md",
  "33.28.md",
  "33.29.md",
  "33.3.md",
  "33.30.md",
  "33.31.md",
  "33.32.md",
  "33.33.md",
  "33.34.md",
  "33.35.md",
  "33.36.md",
  "33.37.md",
  "33.38.md",
  "33.39.md",
  "33.4.md",
  "33.5.md",
  "33.6.md",
  "33.7.md",
  "33.8.md",
  "33.9.md",
  "33.md",
  "34.0.md",
  "34.1.md",
  "34.10.md",
  "34.11.md",
  "34.12.md",
  "34.13.md",
  "34.14.md",
  "34.15.md",
  "34.16.md",
  "34.17.md",
  "34.18.md",
  "34.19.md",
  "34.2.md",
  "34.20.md",
  "34.21.md",
  "34.22.md",
  "34.23.md",
  "34.24.md",
  "34.25.md",
  "34.26.md",
  "34.27.md",
  "34.28.md",
  "34.29.md",
  "34.3.md",
  "34.30.md",
  "34.31.md",
  "34.32.md",
  "34.33.md",
  "34.34.md",
  "34.35.md",
  "34.36.md",
  "34.37.md",
  "34.38.md",
  "34.39.md",
  "34.4.md",
  "34.5.md",
  "34.6.md",
  "34.7.md",
  "34.8.md",
  "34.9.md",
  "34.md",
  "35.0.md",
  "35.1.md",
  "35.10.md",
  "35.11.md",
  "35.12.md",
  "35.13.md",
  "35.14.md",
  "35.15.md",
  "35.16.md",
  "35.17.md",
  "35.18.md",
  "35.19.md",
  "35.2.md",
  "35.20.md",
  "35.21.md",
  "35.22.md",
  "35.23.md",
  "35.24.md",
  "35.25.md",
  "35.26.md",
  "35.27.md",
  "35.28.md",
  "35.29.md",
  "35.3.md",
  "35.30.md",
  "35.31.md",
  "35.32.md",
  "35.33.md",
  "35.34.md",
  "35.35.md",
  "35.36.md",
  "35.37.md",
  "35.38.md",
  "35.39.md",
  "35.4.md",
  "35.5.md",
  "35.6.md",
  "35.7.md",
  "35.8.md",
  "35.9.md",
  "35.md",
  "36.0.md",
  "36.1.md",
  "36.10.md",
  "36.11.md",
  "36.12.md",
  "36.13.md",
  "36.14.md",
  "36.15.md",
  "36.16.md",
  "36.17.md",
  "36.18.md",
  "36.19.md",
  "36.2.md",
  "36.20.md",
  "36.21.md",
  "36.22.md",
  "36.23.md",
  "36.24.md",
  "36.25.md",
  "36.26.md",
  "36.27.md",
  "36.28.md",
  "36.29.md",
  "36.3.md",
  "36.30.md",
  "36.31.md",
  "36.32.md",
  "36.33.md",
  "36.34.md",
  "36.35.md",
  "36.36.md",
  "36.37.md",
  "36.38.md",
  "36.39.md",
  "36.4.md",
  "36.5.md",
  "36.6.md",
  "36.7.md",
  "36.8.md",
  "36.9.md",
  "36.md",
  "37.0.md",
  "37.1.md",
  "37.10.md",
  "37.11.md",
  "37.12.md",
  "37.13.md",
  "37.14.md",
  "37.15.md",
  "37.16.md",
  "37.17.md",
  "37.18.md",
  "37.19.md",
  "37.2.md",
  "37.20.md",
  "37.21.md",
  "37.22.md",
  "37.23.md",
  "37.24.md",
  "37.25.md",
  "37.26.md",
  "37.27.md",
  "37.28.md",
  "37.29.md",
  "37.3.md",
  "37.30.md",
  "37.31.md",
  "37.32.md",
  "37.33.md",
  "37.34.md",
  "37.35.md",
  "37.36.md",
  "37.37.md",
  "37.38.md",
  "37.39.md",
  "37.4.md",
  "37.5.md",
  "37.6.md",
  "37.7.md",
  "37.8.md",
  "37.9.md",
  "37.md",
  "38.0.md",
  "38.1.md",
  "38.10.md",
  "38.11.md",
  "38.12.md",
  "38.13.md",
  "38.14.md",
  "38.15.md",
  "38.16.md",
  "38.17.md",
  "38.18.md",
  "38.19.md",
  "38.2.md",
  "38.20.md",
  "38.21.md",
  "38.22.md",
  "38.23.md",
  "38.24.md",
  "38.25.md",
  "38.26.md",
  "38.27.md",
  "38.28.md",
  "38.29.md",
  "38.3.md",
  "38.30.md",
  "38.31.md",
  "38.32.md",
  "38.33.md",
  "38.34.md",
  "38.35.md",
  "38.36.md",
  "38.37.md",
  "38.38.md",
  "38.39.md",
  "38.4.md",
  "38.5.md",
  "38.6.md",
  "38.7.md",
  "38.8.md",
  "38.9.md",
  "38.md",
  "39.0.md",
  "39.1.md",
  "39.10.md",
  "39.11.md",
  "39.12.md",
  "39.13.md",
  "39.14.md",
  "39.15.md",
  "39.16.md",
  "39.17.md",
  "39.18.md",
  "39.19.md",
  "39.2.md",
  "39.20.md",
  "39.21.md",
  "39.22.md",
  "39.23.md",
  "39.24.md",
  "39.25.md",
  "39.26.md",
  "39.27.md",
  "39.28.md",
  "39.29.md",
  "39.3.md",
  "39.30.md",
  "39.31.md",
  "39.32.md",
  "39.33.md",
  "39.34.md",
  "39.35.md",
  "39.36.md",
  "39.37.md",
  "39.38.md",
  "39.39.md",
  "39.4.md",
  "39.5.md",
  "39.6.md",
  "39.7.md",
  "39.8.md",
  "39.9.md",
  "39.md",
  "4.0.md",
  "4.1.md",
  "4.10.md",
  "4.11.md",
  "4.12.md",
  "4.13.md",
  "4.14.md",
  "4.15.md",
  "4.16.md",
  "4.17.md",
  "4.18.md",
  "4.19.md",
  "4.2.md",
  "4.20.md",
  "4.21.md",
  "4.22.md",
  "4.23.md",
  "4.24.md",
  "4.25.md",
  "4.26.md",
  "4.27.md",
  "4.28.md",
  "4.29.md",
  "4.3.md",
  "4.30.md",
  "4.31.md",
  "4.32.md",
  "4.33.md",
  "4.34.md",
  "4.35.md",
  "4.36.md",
  "4.37.md",
  "4.38.md",
  "4.39.md",
  "4.4.md",
  "4.5.md",
  "4.6.md",
  "4.7.md",
  "4.8.md",
  "4.9.md",
  "4.md",
  "40.0.md",
  "40.1.md",
  "40.10.md",
  "40.11.md",
  "40.12.md",
  "40.13.md",
  "40.14.md",
  "40.15.md",
  "40.16.md",
  "40.17.md",
  "40.18.md",
  "40.19.md",
  "40.2.md",
  "40.20.md",
  "40.21.md",
  "40.22.md",
  "40.23.md",
  "40.24.md",
  "40.25.md",
  "40.26.md",
  "40.27.md",
  "40.28.md",
  "40.29.md",
  "40.3.md",
  "40.30.md",
  "40.31.md",
  "40.32.md",
  "40.33.md",
  "40.34.md",
  "40.35.md",
  "40.36.md",
  "40.37.md",
  "40.38.md",
  "40.39.md",
  "40.4.md",
  "40.5.md",
  "40.6.md",
  "40.7.md",
  "40.8.md",
  "40.9.md",
  "40.md",
  "41.0.md",
  "41.1.md",
  "41.10.md",
  "41.11.md",
  "41.12.md",
  "41.13.md",
  "41.14.md",
  "41.15.md",
  "41.16.md",
  "41.17.md",
  "41.18.md",
  "41.19.md",
  "41.2.md",
  "41.20.md",
  "41.21.md",
  "41.22.md",
  "41.23.md",
  "41.24.md",
  "41.25.md",
  "41.26.md",
  "41.27.md",
  "41.28.md",
  "41.29.md",
  "41.3.md",
  "41.30.md",
  "41.31.md",
  "41.32.md",
  "41.33.md",
  "41.34.md",
  "41.35.md",
  "41.36.md",
  "41.37.md",
  "41.38.md",
  "41.39.md",
  "41.4.md",
  "41.5.md",
  "41.6.md",
  "41.7.md",
  "41.8.md",
  "41.9.md",
  "41.md",
  "42.0.md",
  "42.1.md",
  "42.10.md",
  "42.11.md",
  "42.12.md",
  "42.13.md",
  "42.14.md",
  "42.15.md",
  "42.16.md",
  "42.17.md",
  "42.18.md",
  "42.19.md",
  "42.2.md",
  "42.20.md",
  "42.21.md",
  "42.22.md",
  "42.23.md",
  "42.24.md",
  "42.25.md",
  "42.26.md",
  "42.27.md",
  "42.28.md",
  "42.29.md",
  "42.3.md",
  "42.30.md",
  "42.31.md",
  "42.32.md",
  "42.33.md",
  "42.34.md",
  "42.35.md",
  "42.36.md",
  "42.37.md",
  "42.38.md",
  "42.39.md",
  "42.4.md",
  "42.5.md",
  "42.6.md",
  "42.7.md",
  "42.8.md",
  "42.9.md",
  "42.md",
  "43.0.md",
  "43.1.md",
  "43.10.md",
  "43.11.md",
  "43.12.md",
  "43.13.md",
  "43.14.md",
  "43.15.md",
  "43.16.md",
  "43.17.md",
  "43.18.md",
  "43.19.md",
  "43.2.md",
  "43.20.md",
  "43.21.md",
  "43.22.md",
  "43.23.md",
  "43.24.md",
  "43.25.md",
  "43.26.md",
  "43.27.md",
  "43.28.md",
  "43.29.md",
  "43.3.md",
  "43.30.md",
  "43.31.md",
  "43.32.md",
  "43.33.md",
  "43.34.md",
  "43.35.md",
  "43.36.md",
  "43.37.md",
  "43.38.md",
  "43.39.md",
  "43.4.md",
  "43.5.md",
  "43.6.md",
  "43.7.md",
  "43.8.md",
  "43.9.md",
  "43.md",
  "44.0.md",
  "44.1.md",
  "44.10.md",
  "44.11.md",
  "44.12.md",
  "44.13.md",
  "44.14.md",
  "44.15.md",
  "44.16.md",
  "44.17.md",
  "44.18.md",
  "44.19.md",
  "44.2.md",
  "44.20.md",
  "44.21.md",
  "44.22.md",
  "44.23.md",
  "44.24.md",
  "44.25.md",
  "44.26.md",
  "44.27.md",
  "44.28.md",
  "44.29.md",
  "44.3.md",
  "44.30.md",
  "44.31.md",
  "44.32.md",
  "44.33.md",
  "44.34.md",
  "44.35.md",
  "44.36.md",
  "44.37.md",
  "44.38.md",
  "44.39.md",
  "44.4.md",
  "44.5.md",
  "44.6.md",
  "44.7.md",
  "44.8.md",
  "44.9.md",
  "44.md",
  "45.0.md",
  "45.1.md",
  "45.10.md",
  "45.11.md",
  "45.12.md",
  "45.13.md",
  "45.14.md",
  "45.15.md",
  "45.16.md",
  "45.17.md",
  "45.18.md",
  "45.19.md",
  "45.2.md",
  "45.20.md",
  "45.21.md",
  "45.22.md",
  "45.23.md",
  "45.24.md",
  "45.25.md",
  "45.26.md",
  "45.27.md",
  "45.28.md",
  "45.29.md",
  "45.3.md",
  "45.30.md",
  "45.31.md",
  "45.32.md",
  "45.33.md",
  "45.34.md",
  "45.35.md",
  "45.36.md",
  "45.37.md",
  "45.38.md",
  "45.39.md",
  "45.4.md",
  "45.5.md",
  "45.6.md",
  "45.7.md",
  "45.8.md",
  "45.9.md",
  "45.md",
  "46.0.md",
  "46.1.md",
  "46.10.md",
  "46.11.md",
  "46.12.md",
  "46.13.md",
  "46.14.md",
  "46.15.md",
  "46.16.md",
  "46.17.md",
  "46.18.md",
  "46.19.md",
  "46.2.md",
  "46.20.md",
  "46.21.md",
  "46.22.md",
  "46.23.md",
  "46.24.md",
  "46.25.md",
  "46.26.md",
  "46.27.md",
  "46.28.md",
  "46.29.md",
  "46.3.md",
  "46.30.md",
  "46.31.md",
  "46.32.md",
  "46.33.md",
  "46.34.md",
  "46.35.md",
  "46.36.md",
  "46.37.md",
  "46.38.md",
  "46.39.md",
  "46.4.md",
  "46.5.md",
  "46.6.md",
  "46.7.md",
  "46.8.md",
  "46.9.md",
  "46.md",
  "47.0.md",
  "47.1.md",
  "47.10.md",
  "47.11.md",
  "47.12.md",
  "47.13.md",
  "47.14.md",
  "47.15.md",
  "47.16.md",
  "47.17.md",
  "47.18.md",
  "47.19.md",
  "47.2.md",
  "47.20.md",
  "47.21.md",
  "47.22.md",
  "47.23.md",
  "47.24.md",
  "47.25.md",
  "47.26.md",
  "47.27.md",
  "47.28.md",
  "47.29.md",
  "47.3.md",
  "47.30.md",
  "47.31.md",
  "47.32.md",
  "47.33.md",
  "47.34.md",
  "47.35.md",
  "47.36.md",
  "47.37.md",
  "47.38.md",
  "47.39.md",
  "47.4.md",
  "47.5.md",
  "47.6.md",
  "47.7.md",
  "47.8.md",
  "47.9.md",
  "47.md",
  "48.0.md",
  "48.1.md",
  "48.10.md",
  "48.11.md",
  "48.12.md",
  "48.13.md",
  "48.14.md",
  "48.15.md",
  "48.16.md",
  "48.17.md",
  "48.18.md",
  "48.19.md",
  "48.2.md",
  "48.20.md",
  "48.21.md",
  "48.22.md",
  "48.23.md",
  "48.24.md",
  "48.25.md",
  "48.26.md",
  "48.27.md",
  "48.28.md",
  "48.29.md",
  "48.3.md",
  "48.30.md",
  "48.31.md",
  "48.32.md",
  "48.33.md",
  "48.34.md",
  "48.35.md",
  "48.36.md",
  "48.37.md",
  "48.38.md",
  "48.39.md",
  "48.4.md",
  "48.5.md",
  "48.6.md",
  "48.7.md",
  "48.8.md",
  "48.9.md",
  "48.md",
  "49.0.md",
  "49.1.md",
  "49.10.md",
  "49.11.md",
  "49.12.md",
  "49.13.md",
  "49.14.md",
  "49.15.md",
  "49.16.md",
  "49.17.md",
  "49.18.md",
  "49.19.md",
  "49.2.md",
  "49.20.md",
  "49.21.md",
  "49.22.md",
  "49.23.md",
  "49.24.md",
  "49.25.md",
  "49.26.md",
  "49.27.md",
  "49.28.md",
  "49.29.md",
  "49.3.md",
  "49.30.md",
  "49.31.md",
  "49.32.md",
  "49.33.md",
  "49.34.md",
  "49.35.md",
  "49.36.md",
  "49.37.md",
  "49.38.md",
  "49.39.md",
  "49.4.md",
  "49.5.md",
  "49.6.md",
  "49.7.md",
  "49.8.md",
  "49.9.md",
  "49.md",
  "5.0.md",
  "5.1.md",
  "5.10.md",
  "5.11.md",
  "5.12.md",
  "5.13.md",
  "5.14.md",
  "5.15.md",
  "5.16.md",
  "5.17.md",
  "5.18.md",
  "5.19.md",
  "5.2.md",
  "5.20.md",
  "5.21.md",
  "5.22.md",
  "5.23.md",
  "5.24.md",
  "5.25.md",
  "5.26.md",
  "5.27.md",
  "5.28.md",
  "5.29.md",
  "5.3.md",
  "5.30.md",
  "5.31.md",
  "5.32.md",
  "5.33.md",
  "5.34.md",
  "5.35.md",
  "5.36.md",
  "5.37.md",
  "5.38.md",
  "5.39.md",
  "5.4.md",
  "5.5.md",
  "5.6.md",
  "5.7.md",
  "5.8.md",
  "5.9.md",
  "5.md",
  "6.0.md",
  "6.1.md",
  "6.10.md",
  "6.11.md",
  "6.12.md",
  "6.13.md",
  "6.14.md",
  "6.15.md",
  "6.16.md",
  "6.17.md",
  "6.18.md",
  "6.19.md",
  "6.2.md",
  "6.20.md",
  "6.21.md",
  "6.22.md",
  "6.23.md",
  "6.24.md",
  "6.25.md",
  "6.26.md",
  "6.27.md",
  "6.28.md",
  "6.29.md",
  "6.3.md",
  "6.30.md",
  "6.31.md",
  "6.32.md",
  "6.33.md",
  "6.34.md",
  "6.35.md",
  "6.36.md",
  "6.37.md",
  "6.38.md",
  "6.39.md",
  "6.4.md",
  "6.5.md",
  "6.6.md",
  "6.7.md",
  "6.8.md",
  "6.9.md",
  "6.md",
  "7.0.md",
  "7.1.md",
  "7.10.md",
  "7.11.md",
  "7.12.md",
  "7.13.md",
  "7.14.md",
  "7.15.md",
  "7.16.md",
  "7.17.md",
  "7.18.md",
  "7.19.md",
  "7.2.md",
  "7.20.md",
  "7.21.md",
  "7.22.md",
  "7.23.md",
  "7.24.md",
  "7.25.md",
  "7.26.md",
  "7.27.md",
  "7.28.md",
  "7.29.md",
  "7.3.md",
  "7.30.md",
  "7.31.md",
  "7.32.md",
  "7.33.md",
  "7.34.md",
  "7.35.md",
  "7.36.md",
  "7.37.md",
  "7.38.md",
  "7.39.md",
  "7.4.md",
  "7.5.md",
  "7.6.md",
  "7.7.md",
  "7.8.md",
  "7.9.md",
  "7.md",
  "8.0.md",
  "8.1.md",
  "8.10.md",
  "8.11.md",
  "8.12.md",
  "8.13.md",
  "8.14.md",
  "8.15.md",
  "8.16.md",
  "8.17.md",
  "8.18.md",
  "8.19.md",
  "8.2.md",
  "8.20.md",
  "8.21.md",
  "8.22.md",
  "8.23.md",
  "8.24.md",
  "8.25.md",
  "8.26.md",
  "8.27.md",
  "8.28.md",
  "8.29.md",
  "8.3.md",
  "8.30.md",
  "8.31.md",
  "8.32.md",
  "8.33.md",
  "8.34.md",
  "8.35.md",
  "8.36.md",
  "8.37.md",
  "8.38.md",
  "8.39.md",
  "8.4.md",
  "8.5.md",
  "8.6.md",
  "8.7.md",
  "8.8.md",
  "8.9.md",
  "8.md",
  "9.0.md",
  "9.1.md",
  "9.10.md",
  "9.11.md",
  "9.12.md",
  "9.13.md",
  "9.14.md",
  "9.15.md",
  "9.16.md",
  "9.17.md",
  "9.18.md",
  "9.19.md",
  "9.2.md",
  "9.20.md",
  "9.21.md",
  "9.22.md",
  "9.23.md",
  "9.24.md",
  "9.25.md",
  "9.26.md",
  "9.27.md",
  "9.28.md",
  "9.29.md",
  "9.3.md",
  "9.30.md",
  "9.31.md",
  "9.32.md",
  "9.33.md",
  "9.34.md",
  "9.35.md",
  "9.36.md",
  "9.37.md",
  "9.38.md",
  "9.39.md",
  "9.4.md",
  "9.5.md",
  "9.6.md",
  "9.7.md",
  "9.8.md",
  "9.9.md",
  "9.md",
  "root.md",
  "root.schema.yml",
]
`;
