// Jest Snapshot v1, https://goo.gl/fbAQLP

exports[`isRepo repo 1`] = `Oid {}`;
